/home/xbotics-mumu/miniconda3/envs/TTZS/lib/python3.10/site-packages/paddle/utils/cpp_extension/extension_utils.py:718: UserWarning: No ccache found. Please be aware that recompiling all source files may be required. You can download and install ccache from: https://github.com/ccache/ccache/blob/master/doc/INSTALL.md
  warnings.warn(warning_message)
[12-17 09:52:18 MainThread @logger.py:242] Argv: train_mdvi.py --game_type rock_paper_scissors --seed 0
/home/xbotics-mumu/zljworkspace/PARL/parl/remote/utils.py:20: UserWarning: pkg_resources is deprecated as an API. See https://setuptools.pypa.io/en/latest/pkg_resources.html. The pkg_resources package is slated for removal as early as 2025-11-30. Refrain from using this package or pin to Setuptools<81.
  import pkg_resources
/home/xbotics-mumu/zljworkspace/PARL/parl/remote/worker.py:29: FutureWarning: The pynvml package is deprecated. Please install nvidia-ml-py instead. If you did not install pynvml directly, please report this to the maintainers of the package that installed pynvml for you.
  import pynvml

=== Two-Team Matrix Game Initialized ===
  Team 1: 3 agents
  Team 2: 3 agents
  Actions per agent: 3
  Game type: rock_paper_scissors
  True Nash value: -0.0000
  Team 1 Nash strategy: [0.33333333 0.33333333 0.33333333]
  Team 2 Nash strategy: [0.33333333 0.33333333 0.33333333]
[12-17 09:52:18 MainThread @decentralized_mdvi_matrix.py:336] Consensus matrix is doubly stochastic: True
[12-17 09:52:18 MainThread @train_mdvi.py:274] 
============================================================
[12-17 09:52:18 MainThread @train_mdvi.py:275] Matrix Game FQI Training
[12-17 09:52:18 MainThread @train_mdvi.py:276] ============================================================
[12-17 09:52:18 MainThread @train_mdvi.py:277] Game type: rock_paper_scissors
[12-17 09:52:18 MainThread @train_mdvi.py:278] True Nash equilibrium:
[12-17 09:52:18 MainThread @train_mdvi.py:279]   Team 1 strategy: [0.33333333 0.33333333 0.33333333]
[12-17 09:52:18 MainThread @train_mdvi.py:280]   Team 2 strategy: [0.33333333 0.33333333 0.33333333]
[12-17 09:52:18 MainThread @train_mdvi.py:281]   Nash value: -0.0000
[12-17 09:52:18 MainThread @train_mdvi.py:282] Save directory: ./mdvi_models/train_20251217_095218

[12-17 09:52:18 MainThread @train_mdvi.py:285] 
============================================================
[12-17 09:52:18 MainThread @train_mdvi.py:286] Initial Exploration: Collecting 5000 samples
[12-17 09:52:18 MainThread @train_mdvi.py:287] ============================================================
[12-17 09:52:18 MainThread @train_mdvi.py:95] 
=== Collecting random trajectory data ===
[12-17 09:52:18 MainThread @train_mdvi.py:96]   Target samples: 5000
[12-17 09:52:18 MainThread @train_mdvi.py:97]   Expected samples: 5000 (single-step game)
[12-17 09:52:18 MainThread @train_mdvi.py:124] Collected 100/5000 samples
[12-17 09:52:18 MainThread @train_mdvi.py:124] Collected 200/5000 samples
[12-17 09:52:18 MainThread @train_mdvi.py:124] Collected 300/5000 samples
[12-17 09:52:18 MainThread @train_mdvi.py:124] Collected 400/5000 samples
[12-17 09:52:18 MainThread @train_mdvi.py:124] Collected 500/5000 samples
[12-17 09:52:18 MainThread @train_mdvi.py:124] Collected 600/5000 samples
[12-17 09:52:18 MainThread @train_mdvi.py:124] Collected 700/5000 samples
[12-17 09:52:18 MainThread @train_mdvi.py:124] Collected 800/5000 samples
[12-17 09:52:18 MainThread @train_mdvi.py:124] Collected 900/5000 samples
[12-17 09:52:18 MainThread @train_mdvi.py:124] Collected 1000/5000 samples
[12-17 09:52:18 MainThread @train_mdvi.py:124] Collected 1100/5000 samples
[12-17 09:52:18 MainThread @train_mdvi.py:124] Collected 1200/5000 samples
[12-17 09:52:18 MainThread @train_mdvi.py:124] Collected 1300/5000 samples
[12-17 09:52:18 MainThread @train_mdvi.py:124] Collected 1400/5000 samples
[12-17 09:52:18 MainThread @train_mdvi.py:124] Collected 1500/5000 samples
[12-17 09:52:18 MainThread @train_mdvi.py:124] Collected 1600/5000 samples
[12-17 09:52:18 MainThread @train_mdvi.py:124] Collected 1700/5000 samples
[12-17 09:52:18 MainThread @train_mdvi.py:124] Collected 1800/5000 samples
[12-17 09:52:18 MainThread @train_mdvi.py:124] Collected 1900/5000 samples
[12-17 09:52:18 MainThread @train_mdvi.py:124] Collected 2000/5000 samples
[12-17 09:52:18 MainThread @train_mdvi.py:124] Collected 2100/5000 samples
[12-17 09:52:18 MainThread @train_mdvi.py:124] Collected 2200/5000 samples
[12-17 09:52:18 MainThread @train_mdvi.py:124] Collected 2300/5000 samples
[12-17 09:52:18 MainThread @train_mdvi.py:124] Collected 2400/5000 samples
[12-17 09:52:18 MainThread @train_mdvi.py:124] Collected 2500/5000 samples
[12-17 09:52:18 MainThread @train_mdvi.py:124] Collected 2600/5000 samples
[12-17 09:52:18 MainThread @train_mdvi.py:124] Collected 2700/5000 samples
[12-17 09:52:18 MainThread @train_mdvi.py:124] Collected 2800/5000 samples
[12-17 09:52:18 MainThread @train_mdvi.py:124] Collected 2900/5000 samples
[12-17 09:52:18 MainThread @train_mdvi.py:124] Collected 3000/5000 samples
[12-17 09:52:18 MainThread @train_mdvi.py:124] Collected 3100/5000 samples
[12-17 09:52:18 MainThread @train_mdvi.py:124] Collected 3200/5000 samples
[12-17 09:52:18 MainThread @train_mdvi.py:124] Collected 3300/5000 samples
[12-17 09:52:18 MainThread @train_mdvi.py:124] Collected 3400/5000 samples
[12-17 09:52:18 MainThread @train_mdvi.py:124] Collected 3500/5000 samples
[12-17 09:52:18 MainThread @train_mdvi.py:124] Collected 3600/5000 samples
[12-17 09:52:18 MainThread @train_mdvi.py:124] Collected 3700/5000 samples
[12-17 09:52:18 MainThread @train_mdvi.py:124] Collected 3800/5000 samples
[12-17 09:52:18 MainThread @train_mdvi.py:124] Collected 3900/5000 samples
[12-17 09:52:18 MainThread @train_mdvi.py:124] Collected 4000/5000 samples
[12-17 09:52:18 MainThread @train_mdvi.py:124] Collected 4100/5000 samples
[12-17 09:52:18 MainThread @train_mdvi.py:124] Collected 4200/5000 samples
[12-17 09:52:18 MainThread @train_mdvi.py:124] Collected 4300/5000 samples
[12-17 09:52:18 MainThread @train_mdvi.py:124] Collected 4400/5000 samples
[12-17 09:52:18 MainThread @train_mdvi.py:124] Collected 4500/5000 samples
[12-17 09:52:18 MainThread @train_mdvi.py:124] Collected 4600/5000 samples
[12-17 09:52:18 MainThread @train_mdvi.py:124] Collected 4700/5000 samples
[12-17 09:52:18 MainThread @train_mdvi.py:124] Collected 4800/5000 samples
[12-17 09:52:18 MainThread @train_mdvi.py:124] Collected 4900/5000 samples
[12-17 09:52:18 MainThread @train_mdvi.py:124] Collected 5000/5000 samples
[12-17 09:52:18 MainThread @train_mdvi.py:126] Collection finished: Buffer size=5000
[12-17 09:52:18 MainThread @train_mdvi.py:291] 
============================================================
[12-17 09:52:18 MainThread @train_mdvi.py:292] Establishing Environment Model MG
[12-17 09:52:18 MainThread @train_mdvi.py:293] ============================================================
  Agent 0 Epoch 10: Loss=0.000000
  Agent 0 Epoch 20: Loss=0.000000
  Agent 0 Epoch 30: Loss=0.000000
  Agent 0 Epoch 40: Loss=0.000000
  Agent 0 Epoch 50: Loss=0.000000
  Agent 0 训练完成:
    预测范围: [-1.0000, 1.0000]
    真实范围: [-1.0000, 1.0000]
    MSE: 0.000000
  Agent 1 Epoch 10: Loss=0.000020
  Agent 1 Epoch 20: Loss=0.000000
  Agent 1 Epoch 30: Loss=0.000000
  Agent 1 Epoch 40: Loss=0.000000
  Agent 1 Epoch 50: Loss=0.000000
  Agent 1 训练完成:
    预测范围: [-1.0000, 1.0000]
    真实范围: [-1.0000, 1.0000]
    MSE: 0.000000
  Agent 2 Epoch 10: Loss=0.000561
  Agent 2 Epoch 20: Loss=0.000006
  Agent 2 Epoch 30: Loss=0.000000
  Agent 2 Epoch 40: Loss=0.000000
  Agent 2 Epoch 50: Loss=0.000000
  Agent 2 训练完成:
    预测范围: [-1.0000, 1.0000]
    真实范围: [-1.0000, 1.0000]
    MSE: 0.000000
  Agent 3 Epoch 10: Loss=0.670943
  Agent 3 Epoch 20: Loss=0.668619
  Agent 3 Epoch 30: Loss=0.670854
  Agent 3 Epoch 40: Loss=0.667194
  Agent 3 Epoch 50: Loss=0.667210
  Agent 3 训练完成:
    预测范围: [0.0265, 0.0265]
    真实范围: [-1.0000, 1.0000]
    MSE: 0.660767
  Agent 4 Epoch 10: Loss=0.685211
  Agent 4 Epoch 20: Loss=0.685927
  Agent 4 Epoch 30: Loss=0.684729
  Agent 4 Epoch 40: Loss=0.683626
  Agent 4 Epoch 50: Loss=0.687421
  Agent 4 训练完成:
    预测范围: [0.0226, 0.0226]
    真实范围: [-1.0000, 1.0000]
    MSE: 0.675834
  Agent 5 Epoch 10: Loss=0.676720
  Agent 5 Epoch 20: Loss=0.676777
  Agent 5 Epoch 30: Loss=0.677717
  Agent 5 Epoch 40: Loss=0.672463
  Agent 5 Epoch 50: Loss=0.681415
  Agent 5 训练完成:
    预测范围: [0.0116, 0.0956]
    真实范围: [-1.0000, 1.0000]
    MSE: 0.669163
[12-17 09:52:28 MainThread @train_mdvi.py:306] Model MG established:
[12-17 09:52:28 MainThread @train_mdvi.py:307]   Trained 6 reward networks (R(a,b) fitted by NN)
[12-17 09:52:28 MainThread @train_mdvi.py:308]   Training data: 5000 samples
[12-17 09:52:28 MainThread @train_mdvi.py:309]   Can generalize to unseen (a,b) pairs!

[12-17 09:52:28 MainThread @train_mdvi.py:312] 
============================================================
[12-17 09:52:28 MainThread @train_mdvi.py:313] Starting MDVI Training (50 iterations)
[12-17 09:52:28 MainThread @train_mdvi.py:314] MDVI模式: 大量Planning样本重复使用(每999次迭代重采样)
[12-17 09:52:28 MainThread @train_mdvi.py:315] ============================================================

[12-17 09:52:28 MainThread @train_mdvi.py:322] 
=== Iteration 1/50 ===
[12-17 09:52:28 MainThread @train_mdvi.py:323] ♻️  Resampling Planning: Generating 20000 trajectories from model MG
[12-17 09:54:13 MainThread @train_mdvi.py:394] Planning complete: Generated 20000 model samples
[12-17 09:54:13 MainThread @train_mdvi.py:398] 
  [Planning样本分析]
[12-17 09:54:13 MainThread @train_mdvi.py:399]     奖励统计: mean=0.2645, std=0.4871, min=-1.0000, max=1.0000
[12-17 09:54:13 MainThread @train_mdvi.py:407]     Team1 Agent0 动作分布: [0. 0. 1.]
[12-17 09:54:13 MainThread @train_mdvi.py:408]     动作熵(0=确定,1.099=均匀): -0.0000
[12-17 09:54:13 MainThread @decentralized_mdvi_matrix.py:372] 
=== Fitted Q-Iteration 1/50 ===
[12-17 09:54:13 MainThread @decentralized_mdvi_matrix.py:382] Computing targets for agent 1/6...
[12-17 09:54:13 MainThread @decentralized_mdvi_matrix.py:494]   [Agent 0 Target计算调试]
[12-17 09:54:13 MainThread @decentralized_mdvi_matrix.py:495]     总样本数: 20000
[12-17 09:54:13 MainThread @decentralized_mdvi_matrix.py:496]     Terminated样本: 20000 (100.0%)
[12-17 09:54:13 MainThread @decentralized_mdvi_matrix.py:497]     Target统计: mean=-0.1579, std=0.3646, min=-1.0000, max=0.0000
[12-17 09:54:13 MainThread @decentralized_mdvi_matrix.py:500]     前3个Target: [2.7567148e-07 2.7567148e-07 2.7567148e-07]
[12-17 09:54:13 MainThread @decentralized_mdvi_matrix.py:501]     前3个Reward: [2.7567148e-07 2.7567148e-07 2.7567148e-07]
[12-17 09:54:13 MainThread @decentralized_mdvi_matrix.py:502]     Target=Reward: True
[12-17 09:54:13 MainThread @decentralized_mdvi_matrix.py:382] Computing targets for agent 2/6...
[12-17 09:54:13 MainThread @decentralized_mdvi_matrix.py:382] Computing targets for agent 3/6...
[12-17 09:54:13 MainThread @decentralized_mdvi_matrix.py:382] Computing targets for agent 4/6...
[12-17 09:54:13 MainThread @decentralized_mdvi_matrix.py:382] Computing targets for agent 5/6...
[12-17 09:54:13 MainThread @decentralized_mdvi_matrix.py:382] Computing targets for agent 6/6...
[12-17 09:54:13 MainThread @decentralized_mdvi_matrix.py:392] Mean Nash solving time: 0.0000s
[12-17 09:54:13 MainThread @decentralized_mdvi_matrix.py:396] Nash cache: 100.0% hit rate (119994 hits, 6 misses, 6 cached)
[12-17 09:54:13 MainThread @decentralized_mdvi_matrix.py:401] Solving (4) by DIGing decentralized optimization...
[12-17 09:54:22 MainThread @decentralized_mdvi_matrix.py:553]   [优化结果]
[12-17 09:54:22 MainThread @decentralized_mdvi_matrix.py:554]     训练Epochs: 8
[12-17 09:54:22 MainThread @decentralized_mdvi_matrix.py:555]     总更新次数: 1256
[12-17 09:54:22 MainThread @decentralized_mdvi_matrix.py:556]     最终Loss: 0.271783 (std=0.016543)
[12-17 09:54:22 MainThread @decentralized_mdvi_matrix.py:557]     最终TD_Error: 0.320672 (std=0.008043)
[12-17 09:54:22 MainThread @decentralized_mdvi_matrix.py:430] Iteration 1 completed: loss=0.2718, td_error=0.3207, consensus_error=0.000349
[12-17 09:54:22 MainThread @train_mdvi.py:411] 
=== Iteration 2/50 ===
[12-17 09:54:22 MainThread @train_mdvi.py:412] ♻️  Reusing 20000 Planning samples (no resampling)
[12-17 09:54:22 MainThread @decentralized_mdvi_matrix.py:372] 
=== Fitted Q-Iteration 2/50 ===
[12-17 09:54:22 MainThread @decentralized_mdvi_matrix.py:382] Computing targets for agent 1/6...
[12-17 09:54:22 MainThread @decentralized_mdvi_matrix.py:494]   [Agent 0 Target计算调试]
[12-17 09:54:22 MainThread @decentralized_mdvi_matrix.py:495]     总样本数: 20000
[12-17 09:54:22 MainThread @decentralized_mdvi_matrix.py:496]     Terminated样本: 20000 (100.0%)
[12-17 09:54:22 MainThread @decentralized_mdvi_matrix.py:497]     Target统计: mean=-0.1579, std=0.3646, min=-1.0000, max=0.0000
[12-17 09:54:22 MainThread @decentralized_mdvi_matrix.py:500]     前3个Target: [2.7567148e-07 2.7567148e-07 2.7567148e-07]
[12-17 09:54:22 MainThread @decentralized_mdvi_matrix.py:501]     前3个Reward: [2.7567148e-07 2.7567148e-07 2.7567148e-07]
[12-17 09:54:22 MainThread @decentralized_mdvi_matrix.py:502]     Target=Reward: True
[12-17 09:54:22 MainThread @decentralized_mdvi_matrix.py:382] Computing targets for agent 2/6...
[12-17 09:54:22 MainThread @decentralized_mdvi_matrix.py:382] Computing targets for agent 3/6...
[12-17 09:54:22 MainThread @decentralized_mdvi_matrix.py:382] Computing targets for agent 4/6...
[12-17 09:54:22 MainThread @decentralized_mdvi_matrix.py:382] Computing targets for agent 5/6...
[12-17 09:54:22 MainThread @decentralized_mdvi_matrix.py:382] Computing targets for agent 6/6...
[12-17 09:54:22 MainThread @decentralized_mdvi_matrix.py:392] Mean Nash solving time: 0.0000s
[12-17 09:54:22 MainThread @decentralized_mdvi_matrix.py:396] Nash cache: 100.0% hit rate (119994 hits, 6 misses, 6 cached)
[12-17 09:54:22 MainThread @decentralized_mdvi_matrix.py:401] Solving (4) by DIGing decentralized optimization...
[12-17 09:54:30 MainThread @decentralized_mdvi_matrix.py:553]   [优化结果]
[12-17 09:54:30 MainThread @decentralized_mdvi_matrix.py:554]     训练Epochs: 8
[12-17 09:54:30 MainThread @decentralized_mdvi_matrix.py:555]     总更新次数: 1256
[12-17 09:54:30 MainThread @decentralized_mdvi_matrix.py:556]     最终Loss: 0.239162 (std=0.008989)
[12-17 09:54:30 MainThread @decentralized_mdvi_matrix.py:557]     最终TD_Error: 0.324341 (std=0.004302)
[12-17 09:54:30 MainThread @decentralized_mdvi_matrix.py:430] Iteration 2 completed: loss=0.2392, td_error=0.3243, consensus_error=0.000524
[12-17 09:54:30 MainThread @train_mdvi.py:411] 
=== Iteration 3/50 ===
[12-17 09:54:30 MainThread @train_mdvi.py:412] ♻️  Reusing 20000 Planning samples (no resampling)
[12-17 09:54:30 MainThread @decentralized_mdvi_matrix.py:372] 
=== Fitted Q-Iteration 3/50 ===
[12-17 09:54:30 MainThread @decentralized_mdvi_matrix.py:382] Computing targets for agent 1/6...
[12-17 09:54:30 MainThread @decentralized_mdvi_matrix.py:494]   [Agent 0 Target计算调试]
[12-17 09:54:30 MainThread @decentralized_mdvi_matrix.py:495]     总样本数: 20000
[12-17 09:54:30 MainThread @decentralized_mdvi_matrix.py:496]     Terminated样本: 20000 (100.0%)
[12-17 09:54:30 MainThread @decentralized_mdvi_matrix.py:497]     Target统计: mean=-0.1579, std=0.3646, min=-1.0000, max=0.0000
[12-17 09:54:30 MainThread @decentralized_mdvi_matrix.py:500]     前3个Target: [2.7567148e-07 2.7567148e-07 2.7567148e-07]
[12-17 09:54:30 MainThread @decentralized_mdvi_matrix.py:501]     前3个Reward: [2.7567148e-07 2.7567148e-07 2.7567148e-07]
[12-17 09:54:30 MainThread @decentralized_mdvi_matrix.py:502]     Target=Reward: True
[12-17 09:54:30 MainThread @decentralized_mdvi_matrix.py:382] Computing targets for agent 2/6...
[12-17 09:54:30 MainThread @decentralized_mdvi_matrix.py:382] Computing targets for agent 3/6...
[12-17 09:54:30 MainThread @decentralized_mdvi_matrix.py:382] Computing targets for agent 4/6...
[12-17 09:54:30 MainThread @decentralized_mdvi_matrix.py:382] Computing targets for agent 5/6...
[12-17 09:54:30 MainThread @decentralized_mdvi_matrix.py:382] Computing targets for agent 6/6...
[12-17 09:54:30 MainThread @decentralized_mdvi_matrix.py:392] Mean Nash solving time: 0.0000s
[12-17 09:54:30 MainThread @decentralized_mdvi_matrix.py:396] Nash cache: 100.0% hit rate (119994 hits, 6 misses, 6 cached)
[12-17 09:54:30 MainThread @decentralized_mdvi_matrix.py:401] Solving (4) by DIGing decentralized optimization...
[12-17 09:54:38 MainThread @decentralized_mdvi_matrix.py:553]   [优化结果]
[12-17 09:54:38 MainThread @decentralized_mdvi_matrix.py:554]     训练Epochs: 8
[12-17 09:54:38 MainThread @decentralized_mdvi_matrix.py:555]     总更新次数: 1256
[12-17 09:54:38 MainThread @decentralized_mdvi_matrix.py:556]     最终Loss: 0.194970 (std=0.017082)
[12-17 09:54:38 MainThread @decentralized_mdvi_matrix.py:557]     最终TD_Error: 0.309938 (std=0.007586)
[12-17 09:54:38 MainThread @decentralized_mdvi_matrix.py:430] Iteration 3 completed: loss=0.1950, td_error=0.3099, consensus_error=0.000671
[12-17 09:54:38 MainThread @train_mdvi.py:411] 
=== Iteration 4/50 ===
[12-17 09:54:38 MainThread @train_mdvi.py:412] ♻️  Reusing 20000 Planning samples (no resampling)
[12-17 09:54:38 MainThread @decentralized_mdvi_matrix.py:372] 
=== Fitted Q-Iteration 4/50 ===
[12-17 09:54:38 MainThread @decentralized_mdvi_matrix.py:382] Computing targets for agent 1/6...
[12-17 09:54:38 MainThread @decentralized_mdvi_matrix.py:494]   [Agent 0 Target计算调试]
[12-17 09:54:38 MainThread @decentralized_mdvi_matrix.py:495]     总样本数: 20000
[12-17 09:54:38 MainThread @decentralized_mdvi_matrix.py:496]     Terminated样本: 20000 (100.0%)
[12-17 09:54:38 MainThread @decentralized_mdvi_matrix.py:497]     Target统计: mean=-0.1579, std=0.3646, min=-1.0000, max=0.0000
[12-17 09:54:38 MainThread @decentralized_mdvi_matrix.py:500]     前3个Target: [2.7567148e-07 2.7567148e-07 2.7567148e-07]
[12-17 09:54:38 MainThread @decentralized_mdvi_matrix.py:501]     前3个Reward: [2.7567148e-07 2.7567148e-07 2.7567148e-07]
[12-17 09:54:38 MainThread @decentralized_mdvi_matrix.py:502]     Target=Reward: True
[12-17 09:54:38 MainThread @decentralized_mdvi_matrix.py:382] Computing targets for agent 2/6...
[12-17 09:54:38 MainThread @decentralized_mdvi_matrix.py:382] Computing targets for agent 3/6...
[12-17 09:54:38 MainThread @decentralized_mdvi_matrix.py:382] Computing targets for agent 4/6...
[12-17 09:54:38 MainThread @decentralized_mdvi_matrix.py:382] Computing targets for agent 5/6...
[12-17 09:54:38 MainThread @decentralized_mdvi_matrix.py:382] Computing targets for agent 6/6...
[12-17 09:54:38 MainThread @decentralized_mdvi_matrix.py:392] Mean Nash solving time: 0.0000s
[12-17 09:54:38 MainThread @decentralized_mdvi_matrix.py:396] Nash cache: 100.0% hit rate (119994 hits, 6 misses, 6 cached)
[12-17 09:54:38 MainThread @decentralized_mdvi_matrix.py:401] Solving (4) by DIGing decentralized optimization...
[12-17 09:54:46 MainThread @decentralized_mdvi_matrix.py:553]   [优化结果]
[12-17 09:54:46 MainThread @decentralized_mdvi_matrix.py:554]     训练Epochs: 8
[12-17 09:54:46 MainThread @decentralized_mdvi_matrix.py:555]     总更新次数: 1256
[12-17 09:54:46 MainThread @decentralized_mdvi_matrix.py:556]     最终Loss: 0.121659 (std=0.023541)
[12-17 09:54:46 MainThread @decentralized_mdvi_matrix.py:557]     最终TD_Error: 0.268197 (std=0.019059)
[12-17 09:54:46 MainThread @decentralized_mdvi_matrix.py:430] Iteration 4 completed: loss=0.1217, td_error=0.2682, consensus_error=0.000709
[12-17 09:54:46 MainThread @train_mdvi.py:411] 
=== Iteration 5/50 ===
[12-17 09:54:46 MainThread @train_mdvi.py:412] ♻️  Reusing 20000 Planning samples (no resampling)
[12-17 09:54:46 MainThread @decentralized_mdvi_matrix.py:372] 
=== Fitted Q-Iteration 5/50 ===
[12-17 09:54:46 MainThread @decentralized_mdvi_matrix.py:382] Computing targets for agent 1/6...
[12-17 09:54:46 MainThread @decentralized_mdvi_matrix.py:494]   [Agent 0 Target计算调试]
[12-17 09:54:46 MainThread @decentralized_mdvi_matrix.py:495]     总样本数: 20000
[12-17 09:54:46 MainThread @decentralized_mdvi_matrix.py:496]     Terminated样本: 20000 (100.0%)
[12-17 09:54:46 MainThread @decentralized_mdvi_matrix.py:497]     Target统计: mean=-0.1579, std=0.3646, min=-1.0000, max=0.0000
[12-17 09:54:46 MainThread @decentralized_mdvi_matrix.py:500]     前3个Target: [2.7567148e-07 2.7567148e-07 2.7567148e-07]
[12-17 09:54:46 MainThread @decentralized_mdvi_matrix.py:501]     前3个Reward: [2.7567148e-07 2.7567148e-07 2.7567148e-07]
[12-17 09:54:46 MainThread @decentralized_mdvi_matrix.py:502]     Target=Reward: True
[12-17 09:54:46 MainThread @decentralized_mdvi_matrix.py:382] Computing targets for agent 2/6...
[12-17 09:54:46 MainThread @decentralized_mdvi_matrix.py:382] Computing targets for agent 3/6...
[12-17 09:54:46 MainThread @decentralized_mdvi_matrix.py:382] Computing targets for agent 4/6...
[12-17 09:54:46 MainThread @decentralized_mdvi_matrix.py:382] Computing targets for agent 5/6...
[12-17 09:54:46 MainThread @decentralized_mdvi_matrix.py:382] Computing targets for agent 6/6...
[12-17 09:54:46 MainThread @decentralized_mdvi_matrix.py:392] Mean Nash solving time: 0.0000s
[12-17 09:54:46 MainThread @decentralized_mdvi_matrix.py:396] Nash cache: 100.0% hit rate (119994 hits, 6 misses, 6 cached)
[12-17 09:54:46 MainThread @decentralized_mdvi_matrix.py:401] Solving (4) by DIGing decentralized optimization...
[12-17 09:54:54 MainThread @decentralized_mdvi_matrix.py:553]   [优化结果]
[12-17 09:54:54 MainThread @decentralized_mdvi_matrix.py:554]     训练Epochs: 8
[12-17 09:54:54 MainThread @decentralized_mdvi_matrix.py:555]     总更新次数: 1256
[12-17 09:54:54 MainThread @decentralized_mdvi_matrix.py:556]     最终Loss: 0.054665 (std=0.013570)
[12-17 09:54:54 MainThread @decentralized_mdvi_matrix.py:557]     最终TD_Error: 0.185542 (std=0.026758)
[12-17 09:54:54 MainThread @decentralized_mdvi_matrix.py:430] Iteration 5 completed: loss=0.0547, td_error=0.1855, consensus_error=0.000349
[12-17 09:54:54 MainThread @train_mdvi.py:411] 
=== Iteration 6/50 ===
[12-17 09:54:54 MainThread @train_mdvi.py:412] ♻️  Reusing 20000 Planning samples (no resampling)
[12-17 09:54:54 MainThread @decentralized_mdvi_matrix.py:372] 
=== Fitted Q-Iteration 6/50 ===
[12-17 09:54:54 MainThread @decentralized_mdvi_matrix.py:382] Computing targets for agent 1/6...
[12-17 09:54:54 MainThread @decentralized_mdvi_matrix.py:494]   [Agent 0 Target计算调试]
[12-17 09:54:54 MainThread @decentralized_mdvi_matrix.py:495]     总样本数: 20000
[12-17 09:54:54 MainThread @decentralized_mdvi_matrix.py:496]     Terminated样本: 20000 (100.0%)
[12-17 09:54:54 MainThread @decentralized_mdvi_matrix.py:497]     Target统计: mean=-0.1579, std=0.3646, min=-1.0000, max=0.0000
[12-17 09:54:54 MainThread @decentralized_mdvi_matrix.py:500]     前3个Target: [2.7567148e-07 2.7567148e-07 2.7567148e-07]
[12-17 09:54:54 MainThread @decentralized_mdvi_matrix.py:501]     前3个Reward: [2.7567148e-07 2.7567148e-07 2.7567148e-07]
[12-17 09:54:54 MainThread @decentralized_mdvi_matrix.py:502]     Target=Reward: True
[12-17 09:54:54 MainThread @decentralized_mdvi_matrix.py:382] Computing targets for agent 2/6...
[12-17 09:54:54 MainThread @decentralized_mdvi_matrix.py:382] Computing targets for agent 3/6...
[12-17 09:54:54 MainThread @decentralized_mdvi_matrix.py:382] Computing targets for agent 4/6...
[12-17 09:54:54 MainThread @decentralized_mdvi_matrix.py:382] Computing targets for agent 5/6...
[12-17 09:54:54 MainThread @decentralized_mdvi_matrix.py:382] Computing targets for agent 6/6...
[12-17 09:54:54 MainThread @decentralized_mdvi_matrix.py:392] Mean Nash solving time: 0.0000s
[12-17 09:54:54 MainThread @decentralized_mdvi_matrix.py:396] Nash cache: 100.0% hit rate (119994 hits, 6 misses, 6 cached)
[12-17 09:54:54 MainThread @decentralized_mdvi_matrix.py:401] Solving (4) by DIGing decentralized optimization...
[12-17 09:55:03 MainThread @decentralized_mdvi_matrix.py:553]   [优化结果]
[12-17 09:55:03 MainThread @decentralized_mdvi_matrix.py:554]     训练Epochs: 8
[12-17 09:55:03 MainThread @decentralized_mdvi_matrix.py:555]     总更新次数: 1256
[12-17 09:55:03 MainThread @decentralized_mdvi_matrix.py:556]     最终Loss: 0.031739 (std=0.005263)
[12-17 09:55:03 MainThread @decentralized_mdvi_matrix.py:557]     最终TD_Error: 0.113413 (std=0.016127)
[12-17 09:55:03 MainThread @decentralized_mdvi_matrix.py:430] Iteration 6 completed: loss=0.0317, td_error=0.1134, consensus_error=0.000096
[12-17 09:55:03 MainThread @train_mdvi.py:411] 
=== Iteration 7/50 ===
[12-17 09:55:03 MainThread @train_mdvi.py:412] ♻️  Reusing 20000 Planning samples (no resampling)
[12-17 09:55:03 MainThread @decentralized_mdvi_matrix.py:372] 
=== Fitted Q-Iteration 7/50 ===
[12-17 09:55:03 MainThread @decentralized_mdvi_matrix.py:382] Computing targets for agent 1/6...
[12-17 09:55:03 MainThread @decentralized_mdvi_matrix.py:494]   [Agent 0 Target计算调试]
[12-17 09:55:03 MainThread @decentralized_mdvi_matrix.py:495]     总样本数: 20000
[12-17 09:55:03 MainThread @decentralized_mdvi_matrix.py:496]     Terminated样本: 20000 (100.0%)
[12-17 09:55:03 MainThread @decentralized_mdvi_matrix.py:497]     Target统计: mean=-0.1579, std=0.3646, min=-1.0000, max=0.0000
[12-17 09:55:03 MainThread @decentralized_mdvi_matrix.py:500]     前3个Target: [2.7567148e-07 2.7567148e-07 2.7567148e-07]
[12-17 09:55:03 MainThread @decentralized_mdvi_matrix.py:501]     前3个Reward: [2.7567148e-07 2.7567148e-07 2.7567148e-07]
[12-17 09:55:03 MainThread @decentralized_mdvi_matrix.py:502]     Target=Reward: True
[12-17 09:55:03 MainThread @decentralized_mdvi_matrix.py:382] Computing targets for agent 2/6...
[12-17 09:55:03 MainThread @decentralized_mdvi_matrix.py:382] Computing targets for agent 3/6...
[12-17 09:55:03 MainThread @decentralized_mdvi_matrix.py:382] Computing targets for agent 4/6...
[12-17 09:55:03 MainThread @decentralized_mdvi_matrix.py:382] Computing targets for agent 5/6...
[12-17 09:55:03 MainThread @decentralized_mdvi_matrix.py:382] Computing targets for agent 6/6...
[12-17 09:55:03 MainThread @decentralized_mdvi_matrix.py:392] Mean Nash solving time: 0.0000s
[12-17 09:55:03 MainThread @decentralized_mdvi_matrix.py:396] Nash cache: 100.0% hit rate (119994 hits, 6 misses, 6 cached)
[12-17 09:55:03 MainThread @decentralized_mdvi_matrix.py:401] Solving (4) by DIGing decentralized optimization...
[12-17 09:55:11 MainThread @decentralized_mdvi_matrix.py:553]   [优化结果]
[12-17 09:55:11 MainThread @decentralized_mdvi_matrix.py:554]     训练Epochs: 8
[12-17 09:55:11 MainThread @decentralized_mdvi_matrix.py:555]     总更新次数: 1256
[12-17 09:55:11 MainThread @decentralized_mdvi_matrix.py:556]     最终Loss: 0.031157 (std=0.006040)
[12-17 09:55:11 MainThread @decentralized_mdvi_matrix.py:557]     最终TD_Error: 0.088243 (std=0.011189)
[12-17 09:55:11 MainThread @decentralized_mdvi_matrix.py:430] Iteration 7 completed: loss=0.0312, td_error=0.0882, consensus_error=0.000068
[12-17 09:55:11 MainThread @train_mdvi.py:411] 
=== Iteration 8/50 ===
[12-17 09:55:11 MainThread @train_mdvi.py:412] ♻️  Reusing 20000 Planning samples (no resampling)
[12-17 09:55:11 MainThread @decentralized_mdvi_matrix.py:372] 
=== Fitted Q-Iteration 8/50 ===
[12-17 09:55:11 MainThread @decentralized_mdvi_matrix.py:382] Computing targets for agent 1/6...
[12-17 09:55:11 MainThread @decentralized_mdvi_matrix.py:494]   [Agent 0 Target计算调试]
[12-17 09:55:11 MainThread @decentralized_mdvi_matrix.py:495]     总样本数: 20000
[12-17 09:55:11 MainThread @decentralized_mdvi_matrix.py:496]     Terminated样本: 20000 (100.0%)
[12-17 09:55:11 MainThread @decentralized_mdvi_matrix.py:497]     Target统计: mean=-0.1579, std=0.3646, min=-1.0000, max=0.0000
[12-17 09:55:11 MainThread @decentralized_mdvi_matrix.py:500]     前3个Target: [2.7567148e-07 2.7567148e-07 2.7567148e-07]
[12-17 09:55:11 MainThread @decentralized_mdvi_matrix.py:501]     前3个Reward: [2.7567148e-07 2.7567148e-07 2.7567148e-07]
[12-17 09:55:11 MainThread @decentralized_mdvi_matrix.py:502]     Target=Reward: True
[12-17 09:55:11 MainThread @decentralized_mdvi_matrix.py:382] Computing targets for agent 2/6...
[12-17 09:55:11 MainThread @decentralized_mdvi_matrix.py:382] Computing targets for agent 3/6...
[12-17 09:55:11 MainThread @decentralized_mdvi_matrix.py:382] Computing targets for agent 4/6...
[12-17 09:55:11 MainThread @decentralized_mdvi_matrix.py:382] Computing targets for agent 5/6...
[12-17 09:55:11 MainThread @decentralized_mdvi_matrix.py:382] Computing targets for agent 6/6...
[12-17 09:55:11 MainThread @decentralized_mdvi_matrix.py:392] Mean Nash solving time: 0.0000s
[12-17 09:55:11 MainThread @decentralized_mdvi_matrix.py:396] Nash cache: 100.0% hit rate (119994 hits, 6 misses, 6 cached)
[12-17 09:55:11 MainThread @decentralized_mdvi_matrix.py:401] Solving (4) by DIGing decentralized optimization...
[12-17 09:55:19 MainThread @decentralized_mdvi_matrix.py:553]   [优化结果]
[12-17 09:55:19 MainThread @decentralized_mdvi_matrix.py:554]     训练Epochs: 8
[12-17 09:55:19 MainThread @decentralized_mdvi_matrix.py:555]     总更新次数: 1256
[12-17 09:55:19 MainThread @decentralized_mdvi_matrix.py:556]     最终Loss: 0.032419 (std=0.006393)
[12-17 09:55:19 MainThread @decentralized_mdvi_matrix.py:557]     最终TD_Error: 0.081754 (std=0.010794)
[12-17 09:55:19 MainThread @decentralized_mdvi_matrix.py:430] Iteration 8 completed: loss=0.0324, td_error=0.0818, consensus_error=0.000126
[12-17 09:55:19 MainThread @train_mdvi.py:411] 
=== Iteration 9/50 ===
[12-17 09:55:19 MainThread @train_mdvi.py:412] ♻️  Reusing 20000 Planning samples (no resampling)
[12-17 09:55:19 MainThread @decentralized_mdvi_matrix.py:372] 
=== Fitted Q-Iteration 9/50 ===
[12-17 09:55:19 MainThread @decentralized_mdvi_matrix.py:382] Computing targets for agent 1/6...
[12-17 09:55:19 MainThread @decentralized_mdvi_matrix.py:494]   [Agent 0 Target计算调试]
[12-17 09:55:19 MainThread @decentralized_mdvi_matrix.py:495]     总样本数: 20000
[12-17 09:55:19 MainThread @decentralized_mdvi_matrix.py:496]     Terminated样本: 20000 (100.0%)
[12-17 09:55:19 MainThread @decentralized_mdvi_matrix.py:497]     Target统计: mean=-0.1579, std=0.3646, min=-1.0000, max=0.0000
[12-17 09:55:19 MainThread @decentralized_mdvi_matrix.py:500]     前3个Target: [2.7567148e-07 2.7567148e-07 2.7567148e-07]
[12-17 09:55:19 MainThread @decentralized_mdvi_matrix.py:501]     前3个Reward: [2.7567148e-07 2.7567148e-07 2.7567148e-07]
[12-17 09:55:19 MainThread @decentralized_mdvi_matrix.py:502]     Target=Reward: True
[12-17 09:55:19 MainThread @decentralized_mdvi_matrix.py:382] Computing targets for agent 2/6...
[12-17 09:55:19 MainThread @decentralized_mdvi_matrix.py:382] Computing targets for agent 3/6...
[12-17 09:55:19 MainThread @decentralized_mdvi_matrix.py:382] Computing targets for agent 4/6...
[12-17 09:55:19 MainThread @decentralized_mdvi_matrix.py:382] Computing targets for agent 5/6...
[12-17 09:55:19 MainThread @decentralized_mdvi_matrix.py:382] Computing targets for agent 6/6...
[12-17 09:55:19 MainThread @decentralized_mdvi_matrix.py:392] Mean Nash solving time: 0.0000s
[12-17 09:55:19 MainThread @decentralized_mdvi_matrix.py:396] Nash cache: 100.0% hit rate (119994 hits, 6 misses, 6 cached)
[12-17 09:55:19 MainThread @decentralized_mdvi_matrix.py:401] Solving (4) by DIGing decentralized optimization...
[12-17 09:55:27 MainThread @decentralized_mdvi_matrix.py:553]   [优化结果]
[12-17 09:55:27 MainThread @decentralized_mdvi_matrix.py:554]     训练Epochs: 8
[12-17 09:55:27 MainThread @decentralized_mdvi_matrix.py:555]     总更新次数: 1256
[12-17 09:55:27 MainThread @decentralized_mdvi_matrix.py:556]     最终Loss: 0.031946 (std=0.006068)
[12-17 09:55:27 MainThread @decentralized_mdvi_matrix.py:557]     最终TD_Error: 0.080706 (std=0.010048)
[12-17 09:55:27 MainThread @decentralized_mdvi_matrix.py:430] Iteration 9 completed: loss=0.0319, td_error=0.0807, consensus_error=0.000054
[12-17 09:55:27 MainThread @train_mdvi.py:411] 
=== Iteration 10/50 ===
[12-17 09:55:27 MainThread @train_mdvi.py:412] ♻️  Reusing 20000 Planning samples (no resampling)
[12-17 09:55:27 MainThread @decentralized_mdvi_matrix.py:372] 
=== Fitted Q-Iteration 10/50 ===
[12-17 09:55:27 MainThread @decentralized_mdvi_matrix.py:382] Computing targets for agent 1/6...
[12-17 09:55:27 MainThread @decentralized_mdvi_matrix.py:494]   [Agent 0 Target计算调试]
[12-17 09:55:27 MainThread @decentralized_mdvi_matrix.py:495]     总样本数: 20000
[12-17 09:55:27 MainThread @decentralized_mdvi_matrix.py:496]     Terminated样本: 20000 (100.0%)
[12-17 09:55:27 MainThread @decentralized_mdvi_matrix.py:497]     Target统计: mean=-0.1579, std=0.3646, min=-1.0000, max=0.0000
[12-17 09:55:27 MainThread @decentralized_mdvi_matrix.py:500]     前3个Target: [2.7567148e-07 2.7567148e-07 2.7567148e-07]
[12-17 09:55:27 MainThread @decentralized_mdvi_matrix.py:501]     前3个Reward: [2.7567148e-07 2.7567148e-07 2.7567148e-07]
[12-17 09:55:27 MainThread @decentralized_mdvi_matrix.py:502]     Target=Reward: True
[12-17 09:55:27 MainThread @decentralized_mdvi_matrix.py:382] Computing targets for agent 2/6...
[12-17 09:55:27 MainThread @decentralized_mdvi_matrix.py:382] Computing targets for agent 3/6...
[12-17 09:55:27 MainThread @decentralized_mdvi_matrix.py:382] Computing targets for agent 4/6...
[12-17 09:55:27 MainThread @decentralized_mdvi_matrix.py:382] Computing targets for agent 5/6...
[12-17 09:55:27 MainThread @decentralized_mdvi_matrix.py:382] Computing targets for agent 6/6...
[12-17 09:55:27 MainThread @decentralized_mdvi_matrix.py:392] Mean Nash solving time: 0.0000s
[12-17 09:55:27 MainThread @decentralized_mdvi_matrix.py:396] Nash cache: 100.0% hit rate (119994 hits, 6 misses, 6 cached)
[12-17 09:55:27 MainThread @decentralized_mdvi_matrix.py:401] Solving (4) by DIGing decentralized optimization...
[12-17 09:55:35 MainThread @decentralized_mdvi_matrix.py:553]   [优化结果]
[12-17 09:55:35 MainThread @decentralized_mdvi_matrix.py:554]     训练Epochs: 8
[12-17 09:55:35 MainThread @decentralized_mdvi_matrix.py:555]     总更新次数: 1256
[12-17 09:55:35 MainThread @decentralized_mdvi_matrix.py:556]     最终Loss: 0.030959 (std=0.006107)
[12-17 09:55:35 MainThread @decentralized_mdvi_matrix.py:557]     最终TD_Error: 0.074228 (std=0.010517)
[12-17 09:55:35 MainThread @decentralized_mdvi_matrix.py:418] Learning rate decayed: 0.000315 -> 0.000299
[12-17 09:55:35 MainThread @decentralized_mdvi_matrix.py:430] Iteration 10 completed: loss=0.0310, td_error=0.0742, consensus_error=0.000110
[12-17 09:55:35 MainThread @train_mdvi.py:423] 
=== Evaluation at Iteration 10 ===
[12-17 09:55:35 MainThread @train_mdvi.py:424]   Nash distance: 0.816497
[12-17 09:55:35 MainThread @train_mdvi.py:425]   Learned Nash value: 0.1276 (True: -0.0000)
[12-17 09:55:35 MainThread @train_mdvi.py:427]   Value error: 0.127556

[12-17 09:55:35 MainThread @train_mdvi.py:411] 
=== Iteration 11/50 ===
[12-17 09:55:35 MainThread @train_mdvi.py:412] ♻️  Reusing 20000 Planning samples (no resampling)
[12-17 09:55:35 MainThread @decentralized_mdvi_matrix.py:372] 
=== Fitted Q-Iteration 11/50 ===
[12-17 09:55:35 MainThread @decentralized_mdvi_matrix.py:382] Computing targets for agent 1/6...
[12-17 09:55:35 MainThread @decentralized_mdvi_matrix.py:494]   [Agent 0 Target计算调试]
[12-17 09:55:35 MainThread @decentralized_mdvi_matrix.py:495]     总样本数: 20000
[12-17 09:55:35 MainThread @decentralized_mdvi_matrix.py:496]     Terminated样本: 20000 (100.0%)
[12-17 09:55:35 MainThread @decentralized_mdvi_matrix.py:497]     Target统计: mean=-0.1579, std=0.3646, min=-1.0000, max=0.0000
[12-17 09:55:35 MainThread @decentralized_mdvi_matrix.py:500]     前3个Target: [2.7567148e-07 2.7567148e-07 2.7567148e-07]
[12-17 09:55:35 MainThread @decentralized_mdvi_matrix.py:501]     前3个Reward: [2.7567148e-07 2.7567148e-07 2.7567148e-07]
[12-17 09:55:35 MainThread @decentralized_mdvi_matrix.py:502]     Target=Reward: True
[12-17 09:55:35 MainThread @decentralized_mdvi_matrix.py:382] Computing targets for agent 2/6...
[12-17 09:55:35 MainThread @decentralized_mdvi_matrix.py:382] Computing targets for agent 3/6...
[12-17 09:55:35 MainThread @decentralized_mdvi_matrix.py:382] Computing targets for agent 4/6...
[12-17 09:55:35 MainThread @decentralized_mdvi_matrix.py:382] Computing targets for agent 5/6...
[12-17 09:55:35 MainThread @decentralized_mdvi_matrix.py:382] Computing targets for agent 6/6...
[12-17 09:55:35 MainThread @decentralized_mdvi_matrix.py:392] Mean Nash solving time: 0.0000s
[12-17 09:55:35 MainThread @decentralized_mdvi_matrix.py:396] Nash cache: 100.0% hit rate (119994 hits, 9 misses, 9 cached)
[12-17 09:55:35 MainThread @decentralized_mdvi_matrix.py:401] Solving (4) by DIGing decentralized optimization...
[12-17 09:55:43 MainThread @decentralized_mdvi_matrix.py:553]   [优化结果]
[12-17 09:55:43 MainThread @decentralized_mdvi_matrix.py:554]     训练Epochs: 8
[12-17 09:55:43 MainThread @decentralized_mdvi_matrix.py:555]     总更新次数: 1256
[12-17 09:55:43 MainThread @decentralized_mdvi_matrix.py:556]     最终Loss: 0.030188 (std=0.006204)
[12-17 09:55:43 MainThread @decentralized_mdvi_matrix.py:557]     最终TD_Error: 0.068025 (std=0.010698)
[12-17 09:55:43 MainThread @decentralized_mdvi_matrix.py:430] Iteration 11 completed: loss=0.0302, td_error=0.0680, consensus_error=0.000149
[12-17 09:55:43 MainThread @train_mdvi.py:411] 
=== Iteration 12/50 ===
[12-17 09:55:43 MainThread @train_mdvi.py:412] ♻️  Reusing 20000 Planning samples (no resampling)
[12-17 09:55:43 MainThread @decentralized_mdvi_matrix.py:372] 
=== Fitted Q-Iteration 12/50 ===
[12-17 09:55:43 MainThread @decentralized_mdvi_matrix.py:382] Computing targets for agent 1/6...
[12-17 09:55:43 MainThread @decentralized_mdvi_matrix.py:494]   [Agent 0 Target计算调试]
[12-17 09:55:43 MainThread @decentralized_mdvi_matrix.py:495]     总样本数: 20000
[12-17 09:55:43 MainThread @decentralized_mdvi_matrix.py:496]     Terminated样本: 20000 (100.0%)
[12-17 09:55:43 MainThread @decentralized_mdvi_matrix.py:497]     Target统计: mean=-0.1579, std=0.3646, min=-1.0000, max=0.0000
[12-17 09:55:43 MainThread @decentralized_mdvi_matrix.py:500]     前3个Target: [2.7567148e-07 2.7567148e-07 2.7567148e-07]
[12-17 09:55:43 MainThread @decentralized_mdvi_matrix.py:501]     前3个Reward: [2.7567148e-07 2.7567148e-07 2.7567148e-07]
[12-17 09:55:43 MainThread @decentralized_mdvi_matrix.py:502]     Target=Reward: True
[12-17 09:55:43 MainThread @decentralized_mdvi_matrix.py:382] Computing targets for agent 2/6...
[12-17 09:55:43 MainThread @decentralized_mdvi_matrix.py:382] Computing targets for agent 3/6...
[12-17 09:55:43 MainThread @decentralized_mdvi_matrix.py:382] Computing targets for agent 4/6...
[12-17 09:55:43 MainThread @decentralized_mdvi_matrix.py:382] Computing targets for agent 5/6...
[12-17 09:55:43 MainThread @decentralized_mdvi_matrix.py:382] Computing targets for agent 6/6...
[12-17 09:55:43 MainThread @decentralized_mdvi_matrix.py:392] Mean Nash solving time: 0.0000s
[12-17 09:55:43 MainThread @decentralized_mdvi_matrix.py:396] Nash cache: 100.0% hit rate (119994 hits, 9 misses, 9 cached)
[12-17 09:55:43 MainThread @decentralized_mdvi_matrix.py:401] Solving (4) by DIGing decentralized optimization...
[12-17 09:55:52 MainThread @decentralized_mdvi_matrix.py:553]   [优化结果]
[12-17 09:55:52 MainThread @decentralized_mdvi_matrix.py:554]     训练Epochs: 8
[12-17 09:55:52 MainThread @decentralized_mdvi_matrix.py:555]     总更新次数: 1256
[12-17 09:55:52 MainThread @decentralized_mdvi_matrix.py:556]     最终Loss: 0.029270 (std=0.006003)
[12-17 09:55:52 MainThread @decentralized_mdvi_matrix.py:557]     最终TD_Error: 0.065964 (std=0.010412)
[12-17 09:55:52 MainThread @decentralized_mdvi_matrix.py:430] Iteration 12 completed: loss=0.0293, td_error=0.0660, consensus_error=0.000088
[12-17 09:55:52 MainThread @train_mdvi.py:411] 
=== Iteration 13/50 ===
[12-17 09:55:52 MainThread @train_mdvi.py:412] ♻️  Reusing 20000 Planning samples (no resampling)
[12-17 09:55:52 MainThread @decentralized_mdvi_matrix.py:372] 
=== Fitted Q-Iteration 13/50 ===
[12-17 09:55:52 MainThread @decentralized_mdvi_matrix.py:382] Computing targets for agent 1/6...
[12-17 09:55:52 MainThread @decentralized_mdvi_matrix.py:494]   [Agent 0 Target计算调试]
[12-17 09:55:52 MainThread @decentralized_mdvi_matrix.py:495]     总样本数: 20000
[12-17 09:55:52 MainThread @decentralized_mdvi_matrix.py:496]     Terminated样本: 20000 (100.0%)
[12-17 09:55:52 MainThread @decentralized_mdvi_matrix.py:497]     Target统计: mean=-0.1579, std=0.3646, min=-1.0000, max=0.0000
[12-17 09:55:52 MainThread @decentralized_mdvi_matrix.py:500]     前3个Target: [2.7567148e-07 2.7567148e-07 2.7567148e-07]
[12-17 09:55:52 MainThread @decentralized_mdvi_matrix.py:501]     前3个Reward: [2.7567148e-07 2.7567148e-07 2.7567148e-07]
[12-17 09:55:52 MainThread @decentralized_mdvi_matrix.py:502]     Target=Reward: True
[12-17 09:55:52 MainThread @decentralized_mdvi_matrix.py:382] Computing targets for agent 2/6...
[12-17 09:55:52 MainThread @decentralized_mdvi_matrix.py:382] Computing targets for agent 3/6...
[12-17 09:55:52 MainThread @decentralized_mdvi_matrix.py:382] Computing targets for agent 4/6...
[12-17 09:55:52 MainThread @decentralized_mdvi_matrix.py:382] Computing targets for agent 5/6...
[12-17 09:55:52 MainThread @decentralized_mdvi_matrix.py:382] Computing targets for agent 6/6...
[12-17 09:55:52 MainThread @decentralized_mdvi_matrix.py:392] Mean Nash solving time: 0.0000s
[12-17 09:55:52 MainThread @decentralized_mdvi_matrix.py:396] Nash cache: 100.0% hit rate (119994 hits, 9 misses, 9 cached)
[12-17 09:55:52 MainThread @decentralized_mdvi_matrix.py:401] Solving (4) by DIGing decentralized optimization...
[12-17 09:56:00 MainThread @decentralized_mdvi_matrix.py:553]   [优化结果]
[12-17 09:56:00 MainThread @decentralized_mdvi_matrix.py:554]     训练Epochs: 8
[12-17 09:56:00 MainThread @decentralized_mdvi_matrix.py:555]     总更新次数: 1256
[12-17 09:56:00 MainThread @decentralized_mdvi_matrix.py:556]     最终Loss: 0.027374 (std=0.005560)
[12-17 09:56:00 MainThread @decentralized_mdvi_matrix.py:557]     最终TD_Error: 0.063472 (std=0.010096)
[12-17 09:56:00 MainThread @decentralized_mdvi_matrix.py:430] Iteration 13 completed: loss=0.0274, td_error=0.0635, consensus_error=0.000186
[12-17 09:56:00 MainThread @train_mdvi.py:411] 
=== Iteration 14/50 ===
[12-17 09:56:00 MainThread @train_mdvi.py:412] ♻️  Reusing 20000 Planning samples (no resampling)
[12-17 09:56:00 MainThread @decentralized_mdvi_matrix.py:372] 
=== Fitted Q-Iteration 14/50 ===
[12-17 09:56:00 MainThread @decentralized_mdvi_matrix.py:382] Computing targets for agent 1/6...
[12-17 09:56:00 MainThread @decentralized_mdvi_matrix.py:494]   [Agent 0 Target计算调试]
[12-17 09:56:00 MainThread @decentralized_mdvi_matrix.py:495]     总样本数: 20000
[12-17 09:56:00 MainThread @decentralized_mdvi_matrix.py:496]     Terminated样本: 20000 (100.0%)
[12-17 09:56:00 MainThread @decentralized_mdvi_matrix.py:497]     Target统计: mean=-0.1579, std=0.3646, min=-1.0000, max=0.0000
[12-17 09:56:00 MainThread @decentralized_mdvi_matrix.py:500]     前3个Target: [2.7567148e-07 2.7567148e-07 2.7567148e-07]
[12-17 09:56:00 MainThread @decentralized_mdvi_matrix.py:501]     前3个Reward: [2.7567148e-07 2.7567148e-07 2.7567148e-07]
[12-17 09:56:00 MainThread @decentralized_mdvi_matrix.py:502]     Target=Reward: True
[12-17 09:56:00 MainThread @decentralized_mdvi_matrix.py:382] Computing targets for agent 2/6...
[12-17 09:56:00 MainThread @decentralized_mdvi_matrix.py:382] Computing targets for agent 3/6...
[12-17 09:56:00 MainThread @decentralized_mdvi_matrix.py:382] Computing targets for agent 4/6...
[12-17 09:56:00 MainThread @decentralized_mdvi_matrix.py:382] Computing targets for agent 5/6...
[12-17 09:56:00 MainThread @decentralized_mdvi_matrix.py:382] Computing targets for agent 6/6...
[12-17 09:56:00 MainThread @decentralized_mdvi_matrix.py:392] Mean Nash solving time: 0.0000s
[12-17 09:56:00 MainThread @decentralized_mdvi_matrix.py:396] Nash cache: 100.0% hit rate (119994 hits, 9 misses, 9 cached)
[12-17 09:56:00 MainThread @decentralized_mdvi_matrix.py:401] Solving (4) by DIGing decentralized optimization...
[12-17 09:56:08 MainThread @decentralized_mdvi_matrix.py:553]   [优化结果]
[12-17 09:56:08 MainThread @decentralized_mdvi_matrix.py:554]     训练Epochs: 8
[12-17 09:56:08 MainThread @decentralized_mdvi_matrix.py:555]     总更新次数: 1256
[12-17 09:56:08 MainThread @decentralized_mdvi_matrix.py:556]     最终Loss: 0.025603 (std=0.005263)
[12-17 09:56:08 MainThread @decentralized_mdvi_matrix.py:557]     最终TD_Error: 0.061806 (std=0.010056)
[12-17 09:56:08 MainThread @decentralized_mdvi_matrix.py:430] Iteration 14 completed: loss=0.0256, td_error=0.0618, consensus_error=0.000128
[12-17 09:56:08 MainThread @train_mdvi.py:411] 
=== Iteration 15/50 ===
[12-17 09:56:08 MainThread @train_mdvi.py:412] ♻️  Reusing 20000 Planning samples (no resampling)
[12-17 09:56:08 MainThread @decentralized_mdvi_matrix.py:372] 
=== Fitted Q-Iteration 15/50 ===
[12-17 09:56:08 MainThread @decentralized_mdvi_matrix.py:382] Computing targets for agent 1/6...
[12-17 09:56:08 MainThread @decentralized_mdvi_matrix.py:494]   [Agent 0 Target计算调试]
[12-17 09:56:08 MainThread @decentralized_mdvi_matrix.py:495]     总样本数: 20000
[12-17 09:56:08 MainThread @decentralized_mdvi_matrix.py:496]     Terminated样本: 20000 (100.0%)
[12-17 09:56:08 MainThread @decentralized_mdvi_matrix.py:497]     Target统计: mean=-0.1579, std=0.3646, min=-1.0000, max=0.0000
[12-17 09:56:08 MainThread @decentralized_mdvi_matrix.py:500]     前3个Target: [2.7567148e-07 2.7567148e-07 2.7567148e-07]
[12-17 09:56:08 MainThread @decentralized_mdvi_matrix.py:501]     前3个Reward: [2.7567148e-07 2.7567148e-07 2.7567148e-07]
[12-17 09:56:08 MainThread @decentralized_mdvi_matrix.py:502]     Target=Reward: True
[12-17 09:56:08 MainThread @decentralized_mdvi_matrix.py:382] Computing targets for agent 2/6...
[12-17 09:56:08 MainThread @decentralized_mdvi_matrix.py:382] Computing targets for agent 3/6...
[12-17 09:56:08 MainThread @decentralized_mdvi_matrix.py:382] Computing targets for agent 4/6...
[12-17 09:56:08 MainThread @decentralized_mdvi_matrix.py:382] Computing targets for agent 5/6...
[12-17 09:56:08 MainThread @decentralized_mdvi_matrix.py:382] Computing targets for agent 6/6...
[12-17 09:56:08 MainThread @decentralized_mdvi_matrix.py:392] Mean Nash solving time: 0.0000s
[12-17 09:56:08 MainThread @decentralized_mdvi_matrix.py:396] Nash cache: 100.0% hit rate (119994 hits, 9 misses, 9 cached)
[12-17 09:56:08 MainThread @decentralized_mdvi_matrix.py:401] Solving (4) by DIGing decentralized optimization...
[12-17 09:56:16 MainThread @decentralized_mdvi_matrix.py:553]   [优化结果]
[12-17 09:56:16 MainThread @decentralized_mdvi_matrix.py:554]     训练Epochs: 8
[12-17 09:56:16 MainThread @decentralized_mdvi_matrix.py:555]     总更新次数: 1256
[12-17 09:56:16 MainThread @decentralized_mdvi_matrix.py:556]     最终Loss: 0.024344 (std=0.004873)
[12-17 09:56:16 MainThread @decentralized_mdvi_matrix.py:557]     最终TD_Error: 0.061216 (std=0.009663)
[12-17 09:56:16 MainThread @decentralized_mdvi_matrix.py:430] Iteration 15 completed: loss=0.0243, td_error=0.0612, consensus_error=0.000052
[12-17 09:56:16 MainThread @train_mdvi.py:411] 
=== Iteration 16/50 ===
[12-17 09:56:16 MainThread @train_mdvi.py:412] ♻️  Reusing 20000 Planning samples (no resampling)
[12-17 09:56:16 MainThread @decentralized_mdvi_matrix.py:372] 
=== Fitted Q-Iteration 16/50 ===
[12-17 09:56:16 MainThread @decentralized_mdvi_matrix.py:382] Computing targets for agent 1/6...
[12-17 09:56:16 MainThread @decentralized_mdvi_matrix.py:494]   [Agent 0 Target计算调试]
[12-17 09:56:16 MainThread @decentralized_mdvi_matrix.py:495]     总样本数: 20000
[12-17 09:56:16 MainThread @decentralized_mdvi_matrix.py:496]     Terminated样本: 20000 (100.0%)
[12-17 09:56:16 MainThread @decentralized_mdvi_matrix.py:497]     Target统计: mean=-0.1579, std=0.3646, min=-1.0000, max=0.0000
[12-17 09:56:16 MainThread @decentralized_mdvi_matrix.py:500]     前3个Target: [2.7567148e-07 2.7567148e-07 2.7567148e-07]
[12-17 09:56:16 MainThread @decentralized_mdvi_matrix.py:501]     前3个Reward: [2.7567148e-07 2.7567148e-07 2.7567148e-07]
[12-17 09:56:16 MainThread @decentralized_mdvi_matrix.py:502]     Target=Reward: True
[12-17 09:56:16 MainThread @decentralized_mdvi_matrix.py:382] Computing targets for agent 2/6...
[12-17 09:56:16 MainThread @decentralized_mdvi_matrix.py:382] Computing targets for agent 3/6...
[12-17 09:56:16 MainThread @decentralized_mdvi_matrix.py:382] Computing targets for agent 4/6...
[12-17 09:56:16 MainThread @decentralized_mdvi_matrix.py:382] Computing targets for agent 5/6...
[12-17 09:56:16 MainThread @decentralized_mdvi_matrix.py:382] Computing targets for agent 6/6...
[12-17 09:56:16 MainThread @decentralized_mdvi_matrix.py:392] Mean Nash solving time: 0.0000s
[12-17 09:56:16 MainThread @decentralized_mdvi_matrix.py:396] Nash cache: 100.0% hit rate (119994 hits, 9 misses, 9 cached)
[12-17 09:56:16 MainThread @decentralized_mdvi_matrix.py:401] Solving (4) by DIGing decentralized optimization...
[12-17 09:56:24 MainThread @decentralized_mdvi_matrix.py:553]   [优化结果]
[12-17 09:56:24 MainThread @decentralized_mdvi_matrix.py:554]     训练Epochs: 8
[12-17 09:56:24 MainThread @decentralized_mdvi_matrix.py:555]     总更新次数: 1256
[12-17 09:56:24 MainThread @decentralized_mdvi_matrix.py:556]     最终Loss: 0.023084 (std=0.004626)
[12-17 09:56:24 MainThread @decentralized_mdvi_matrix.py:557]     最终TD_Error: 0.060892 (std=0.009403)
[12-17 09:56:24 MainThread @decentralized_mdvi_matrix.py:430] Iteration 16 completed: loss=0.0231, td_error=0.0609, consensus_error=0.000098
[12-17 09:56:24 MainThread @train_mdvi.py:411] 
=== Iteration 17/50 ===
[12-17 09:56:24 MainThread @train_mdvi.py:412] ♻️  Reusing 20000 Planning samples (no resampling)
[12-17 09:56:24 MainThread @decentralized_mdvi_matrix.py:372] 
=== Fitted Q-Iteration 17/50 ===
[12-17 09:56:24 MainThread @decentralized_mdvi_matrix.py:382] Computing targets for agent 1/6...
[12-17 09:56:24 MainThread @decentralized_mdvi_matrix.py:494]   [Agent 0 Target计算调试]
[12-17 09:56:24 MainThread @decentralized_mdvi_matrix.py:495]     总样本数: 20000
[12-17 09:56:24 MainThread @decentralized_mdvi_matrix.py:496]     Terminated样本: 20000 (100.0%)
[12-17 09:56:24 MainThread @decentralized_mdvi_matrix.py:497]     Target统计: mean=-0.1579, std=0.3646, min=-1.0000, max=0.0000
[12-17 09:56:24 MainThread @decentralized_mdvi_matrix.py:500]     前3个Target: [2.7567148e-07 2.7567148e-07 2.7567148e-07]
[12-17 09:56:24 MainThread @decentralized_mdvi_matrix.py:501]     前3个Reward: [2.7567148e-07 2.7567148e-07 2.7567148e-07]
[12-17 09:56:24 MainThread @decentralized_mdvi_matrix.py:502]     Target=Reward: True
[12-17 09:56:24 MainThread @decentralized_mdvi_matrix.py:382] Computing targets for agent 2/6...
[12-17 09:56:24 MainThread @decentralized_mdvi_matrix.py:382] Computing targets for agent 3/6...
[12-17 09:56:24 MainThread @decentralized_mdvi_matrix.py:382] Computing targets for agent 4/6...
[12-17 09:56:24 MainThread @decentralized_mdvi_matrix.py:382] Computing targets for agent 5/6...
[12-17 09:56:24 MainThread @decentralized_mdvi_matrix.py:382] Computing targets for agent 6/6...
[12-17 09:56:24 MainThread @decentralized_mdvi_matrix.py:392] Mean Nash solving time: 0.0000s
[12-17 09:56:24 MainThread @decentralized_mdvi_matrix.py:396] Nash cache: 100.0% hit rate (119994 hits, 9 misses, 9 cached)
[12-17 09:56:24 MainThread @decentralized_mdvi_matrix.py:401] Solving (4) by DIGing decentralized optimization...
[12-17 09:56:32 MainThread @decentralized_mdvi_matrix.py:553]   [优化结果]
[12-17 09:56:32 MainThread @decentralized_mdvi_matrix.py:554]     训练Epochs: 8
[12-17 09:56:32 MainThread @decentralized_mdvi_matrix.py:555]     总更新次数: 1256
[12-17 09:56:32 MainThread @decentralized_mdvi_matrix.py:556]     最终Loss: 0.021726 (std=0.004283)
[12-17 09:56:32 MainThread @decentralized_mdvi_matrix.py:557]     最终TD_Error: 0.059855 (std=0.008960)
[12-17 09:56:32 MainThread @decentralized_mdvi_matrix.py:430] Iteration 17 completed: loss=0.0217, td_error=0.0599, consensus_error=0.000094
[12-17 09:56:32 MainThread @train_mdvi.py:411] 
=== Iteration 18/50 ===
[12-17 09:56:32 MainThread @train_mdvi.py:412] ♻️  Reusing 20000 Planning samples (no resampling)
[12-17 09:56:32 MainThread @decentralized_mdvi_matrix.py:372] 
=== Fitted Q-Iteration 18/50 ===
[12-17 09:56:32 MainThread @decentralized_mdvi_matrix.py:382] Computing targets for agent 1/6...
[12-17 09:56:32 MainThread @decentralized_mdvi_matrix.py:494]   [Agent 0 Target计算调试]
[12-17 09:56:32 MainThread @decentralized_mdvi_matrix.py:495]     总样本数: 20000
[12-17 09:56:32 MainThread @decentralized_mdvi_matrix.py:496]     Terminated样本: 20000 (100.0%)
[12-17 09:56:32 MainThread @decentralized_mdvi_matrix.py:497]     Target统计: mean=-0.1579, std=0.3646, min=-1.0000, max=0.0000
[12-17 09:56:32 MainThread @decentralized_mdvi_matrix.py:500]     前3个Target: [2.7567148e-07 2.7567148e-07 2.7567148e-07]
[12-17 09:56:32 MainThread @decentralized_mdvi_matrix.py:501]     前3个Reward: [2.7567148e-07 2.7567148e-07 2.7567148e-07]
[12-17 09:56:32 MainThread @decentralized_mdvi_matrix.py:502]     Target=Reward: True
[12-17 09:56:32 MainThread @decentralized_mdvi_matrix.py:382] Computing targets for agent 2/6...
[12-17 09:56:32 MainThread @decentralized_mdvi_matrix.py:382] Computing targets for agent 3/6...
[12-17 09:56:32 MainThread @decentralized_mdvi_matrix.py:382] Computing targets for agent 4/6...
[12-17 09:56:32 MainThread @decentralized_mdvi_matrix.py:382] Computing targets for agent 5/6...
[12-17 09:56:32 MainThread @decentralized_mdvi_matrix.py:382] Computing targets for agent 6/6...
[12-17 09:56:32 MainThread @decentralized_mdvi_matrix.py:392] Mean Nash solving time: 0.0000s
[12-17 09:56:32 MainThread @decentralized_mdvi_matrix.py:396] Nash cache: 100.0% hit rate (119994 hits, 9 misses, 9 cached)
[12-17 09:56:32 MainThread @decentralized_mdvi_matrix.py:401] Solving (4) by DIGing decentralized optimization...
[12-17 09:56:40 MainThread @decentralized_mdvi_matrix.py:553]   [优化结果]
[12-17 09:56:40 MainThread @decentralized_mdvi_matrix.py:554]     训练Epochs: 8
[12-17 09:56:40 MainThread @decentralized_mdvi_matrix.py:555]     总更新次数: 1256
[12-17 09:56:40 MainThread @decentralized_mdvi_matrix.py:556]     最终Loss: 0.020624 (std=0.004143)
[12-17 09:56:40 MainThread @decentralized_mdvi_matrix.py:557]     最终TD_Error: 0.058718 (std=0.008885)
[12-17 09:56:40 MainThread @decentralized_mdvi_matrix.py:430] Iteration 18 completed: loss=0.0206, td_error=0.0587, consensus_error=0.000202
[12-17 09:56:40 MainThread @train_mdvi.py:411] 
=== Iteration 19/50 ===
[12-17 09:56:40 MainThread @train_mdvi.py:412] ♻️  Reusing 20000 Planning samples (no resampling)
[12-17 09:56:40 MainThread @decentralized_mdvi_matrix.py:372] 
=== Fitted Q-Iteration 19/50 ===
[12-17 09:56:40 MainThread @decentralized_mdvi_matrix.py:382] Computing targets for agent 1/6...
[12-17 09:56:40 MainThread @decentralized_mdvi_matrix.py:494]   [Agent 0 Target计算调试]
[12-17 09:56:40 MainThread @decentralized_mdvi_matrix.py:495]     总样本数: 20000
[12-17 09:56:40 MainThread @decentralized_mdvi_matrix.py:496]     Terminated样本: 20000 (100.0%)
[12-17 09:56:40 MainThread @decentralized_mdvi_matrix.py:497]     Target统计: mean=-0.1579, std=0.3646, min=-1.0000, max=0.0000
[12-17 09:56:40 MainThread @decentralized_mdvi_matrix.py:500]     前3个Target: [2.7567148e-07 2.7567148e-07 2.7567148e-07]
[12-17 09:56:40 MainThread @decentralized_mdvi_matrix.py:501]     前3个Reward: [2.7567148e-07 2.7567148e-07 2.7567148e-07]
[12-17 09:56:40 MainThread @decentralized_mdvi_matrix.py:502]     Target=Reward: True
[12-17 09:56:40 MainThread @decentralized_mdvi_matrix.py:382] Computing targets for agent 2/6...
[12-17 09:56:41 MainThread @decentralized_mdvi_matrix.py:382] Computing targets for agent 3/6...
[12-17 09:56:41 MainThread @decentralized_mdvi_matrix.py:382] Computing targets for agent 4/6...
[12-17 09:56:41 MainThread @decentralized_mdvi_matrix.py:382] Computing targets for agent 5/6...
[12-17 09:56:41 MainThread @decentralized_mdvi_matrix.py:382] Computing targets for agent 6/6...
[12-17 09:56:41 MainThread @decentralized_mdvi_matrix.py:392] Mean Nash solving time: 0.0000s
[12-17 09:56:41 MainThread @decentralized_mdvi_matrix.py:396] Nash cache: 100.0% hit rate (119994 hits, 9 misses, 9 cached)
[12-17 09:56:41 MainThread @decentralized_mdvi_matrix.py:401] Solving (4) by DIGing decentralized optimization...
