/home/xbotics-mumu/miniconda3/envs/TTZS/lib/python3.10/site-packages/paddle/utils/cpp_extension/extension_utils.py:718: UserWarning: No ccache found. Please be aware that recompiling all source files may be required. You can download and install ccache from: https://github.com/ccache/ccache/blob/master/doc/INSTALL.md
  warnings.warn(warning_message)
[12-16 20:40:03 MainThread @logger.py:242] Argv: train_mdvi.py --game_type rock_paper_scissors --seed 0
/home/xbotics-mumu/zljworkspace/PARL/parl/remote/utils.py:20: UserWarning: pkg_resources is deprecated as an API. See https://setuptools.pypa.io/en/latest/pkg_resources.html. The pkg_resources package is slated for removal as early as 2025-11-30. Refrain from using this package or pin to Setuptools<81.
  import pkg_resources
/home/xbotics-mumu/zljworkspace/PARL/parl/remote/worker.py:29: FutureWarning: The pynvml package is deprecated. Please install nvidia-ml-py instead. If you did not install pynvml directly, please report this to the maintainers of the package that installed pynvml for you.
  import pynvml

=== Two-Team Matrix Game Initialized ===
  Team 1: 3 agents
  Team 2: 3 agents
  Actions per agent: 3
  Game type: rock_paper_scissors
  True Nash value: -0.0000
  Team 1 Nash strategy: [0.33333333 0.33333333 0.33333333]
  Team 2 Nash strategy: [0.33333333 0.33333333 0.33333333]
[12-16 20:40:03 MainThread @decentralized_mdvi_matrix.py:336] Consensus matrix is doubly stochastic: True
[12-16 20:40:03 MainThread @train_mdvi.py:274] 
============================================================
[12-16 20:40:03 MainThread @train_mdvi.py:275] Matrix Game FQI Training
[12-16 20:40:03 MainThread @train_mdvi.py:276] ============================================================
[12-16 20:40:03 MainThread @train_mdvi.py:277] Game type: rock_paper_scissors
[12-16 20:40:03 MainThread @train_mdvi.py:278] True Nash equilibrium:
[12-16 20:40:03 MainThread @train_mdvi.py:279]   Team 1 strategy: [0.33333333 0.33333333 0.33333333]
[12-16 20:40:03 MainThread @train_mdvi.py:280]   Team 2 strategy: [0.33333333 0.33333333 0.33333333]
[12-16 20:40:03 MainThread @train_mdvi.py:281]   Nash value: -0.0000
[12-16 20:40:03 MainThread @train_mdvi.py:282] Save directory: ./mdvi_models/train_20251216_204003

[12-16 20:40:03 MainThread @train_mdvi.py:285] 
============================================================
[12-16 20:40:03 MainThread @train_mdvi.py:286] Initial Exploration: Collecting 5000 samples
[12-16 20:40:03 MainThread @train_mdvi.py:287] ============================================================
[12-16 20:40:03 MainThread @train_mdvi.py:95] 
=== Collecting random trajectory data ===
[12-16 20:40:03 MainThread @train_mdvi.py:96]   Target samples: 5000
[12-16 20:40:03 MainThread @train_mdvi.py:97]   Expected samples: 5000 (single-step game)
[12-16 20:40:03 MainThread @train_mdvi.py:124] Collected 100/5000 samples
[12-16 20:40:03 MainThread @train_mdvi.py:124] Collected 200/5000 samples
[12-16 20:40:03 MainThread @train_mdvi.py:124] Collected 300/5000 samples
[12-16 20:40:03 MainThread @train_mdvi.py:124] Collected 400/5000 samples
[12-16 20:40:03 MainThread @train_mdvi.py:124] Collected 500/5000 samples
[12-16 20:40:03 MainThread @train_mdvi.py:124] Collected 600/5000 samples
[12-16 20:40:03 MainThread @train_mdvi.py:124] Collected 700/5000 samples
[12-16 20:40:03 MainThread @train_mdvi.py:124] Collected 800/5000 samples
[12-16 20:40:03 MainThread @train_mdvi.py:124] Collected 900/5000 samples
[12-16 20:40:03 MainThread @train_mdvi.py:124] Collected 1000/5000 samples
[12-16 20:40:03 MainThread @train_mdvi.py:124] Collected 1100/5000 samples
[12-16 20:40:03 MainThread @train_mdvi.py:124] Collected 1200/5000 samples
[12-16 20:40:03 MainThread @train_mdvi.py:124] Collected 1300/5000 samples
[12-16 20:40:03 MainThread @train_mdvi.py:124] Collected 1400/5000 samples
[12-16 20:40:03 MainThread @train_mdvi.py:124] Collected 1500/5000 samples
[12-16 20:40:03 MainThread @train_mdvi.py:124] Collected 1600/5000 samples
[12-16 20:40:03 MainThread @train_mdvi.py:124] Collected 1700/5000 samples
[12-16 20:40:03 MainThread @train_mdvi.py:124] Collected 1800/5000 samples
[12-16 20:40:03 MainThread @train_mdvi.py:124] Collected 1900/5000 samples
[12-16 20:40:03 MainThread @train_mdvi.py:124] Collected 2000/5000 samples
[12-16 20:40:03 MainThread @train_mdvi.py:124] Collected 2100/5000 samples
[12-16 20:40:03 MainThread @train_mdvi.py:124] Collected 2200/5000 samples
[12-16 20:40:03 MainThread @train_mdvi.py:124] Collected 2300/5000 samples
[12-16 20:40:03 MainThread @train_mdvi.py:124] Collected 2400/5000 samples
[12-16 20:40:03 MainThread @train_mdvi.py:124] Collected 2500/5000 samples
[12-16 20:40:03 MainThread @train_mdvi.py:124] Collected 2600/5000 samples
[12-16 20:40:03 MainThread @train_mdvi.py:124] Collected 2700/5000 samples
[12-16 20:40:03 MainThread @train_mdvi.py:124] Collected 2800/5000 samples
[12-16 20:40:03 MainThread @train_mdvi.py:124] Collected 2900/5000 samples
[12-16 20:40:03 MainThread @train_mdvi.py:124] Collected 3000/5000 samples
[12-16 20:40:03 MainThread @train_mdvi.py:124] Collected 3100/5000 samples
[12-16 20:40:03 MainThread @train_mdvi.py:124] Collected 3200/5000 samples
[12-16 20:40:03 MainThread @train_mdvi.py:124] Collected 3300/5000 samples
[12-16 20:40:03 MainThread @train_mdvi.py:124] Collected 3400/5000 samples
[12-16 20:40:03 MainThread @train_mdvi.py:124] Collected 3500/5000 samples
[12-16 20:40:03 MainThread @train_mdvi.py:124] Collected 3600/5000 samples
[12-16 20:40:03 MainThread @train_mdvi.py:124] Collected 3700/5000 samples
[12-16 20:40:03 MainThread @train_mdvi.py:124] Collected 3800/5000 samples
[12-16 20:40:03 MainThread @train_mdvi.py:124] Collected 3900/5000 samples
[12-16 20:40:03 MainThread @train_mdvi.py:124] Collected 4000/5000 samples
[12-16 20:40:03 MainThread @train_mdvi.py:124] Collected 4100/5000 samples
[12-16 20:40:03 MainThread @train_mdvi.py:124] Collected 4200/5000 samples
[12-16 20:40:03 MainThread @train_mdvi.py:124] Collected 4300/5000 samples
[12-16 20:40:03 MainThread @train_mdvi.py:124] Collected 4400/5000 samples
[12-16 20:40:03 MainThread @train_mdvi.py:124] Collected 4500/5000 samples
[12-16 20:40:03 MainThread @train_mdvi.py:124] Collected 4600/5000 samples
[12-16 20:40:03 MainThread @train_mdvi.py:124] Collected 4700/5000 samples
[12-16 20:40:03 MainThread @train_mdvi.py:124] Collected 4800/5000 samples
[12-16 20:40:03 MainThread @train_mdvi.py:124] Collected 4900/5000 samples
[12-16 20:40:03 MainThread @train_mdvi.py:124] Collected 5000/5000 samples
[12-16 20:40:03 MainThread @train_mdvi.py:126] Collection finished: Buffer size=5000
[12-16 20:40:03 MainThread @train_mdvi.py:291] 
============================================================
[12-16 20:40:03 MainThread @train_mdvi.py:292] Establishing Environment Model MG
[12-16 20:40:03 MainThread @train_mdvi.py:293] ============================================================
[12-16 20:40:03 MainThread @train_mdvi.py:306] Model MG established:
[12-16 20:40:03 MainThread @train_mdvi.py:307]   Learned 48 state-action pairs
[12-16 20:40:03 MainThread @train_mdvi.py:308]   Model covers 1 unique states
[12-16 20:40:03 MainThread @train_mdvi.py:309]   Ready for Planning phase

[12-16 20:40:03 MainThread @train_mdvi.py:312] 
============================================================
[12-16 20:40:03 MainThread @train_mdvi.py:313] Starting MDVI Training (50 iterations)
[12-16 20:40:03 MainThread @train_mdvi.py:314] MDVI模式: 模型采样训练 (Planning from MG)
[12-16 20:40:03 MainThread @train_mdvi.py:315] ============================================================

[12-16 20:40:03 MainThread @train_mdvi.py:321] 
=== Iteration 1/50 ===
[12-16 20:40:03 MainThread @train_mdvi.py:322] Planning: Generating 5000 trajectories from model MG
[12-16 20:40:27 MainThread @train_mdvi.py:385] Planning complete: Generated 5000 model samples
[12-16 20:40:27 MainThread @train_mdvi.py:389] 
  [Planning样本分析]
[12-16 20:40:27 MainThread @train_mdvi.py:390]     奖励统计: mean=0.1141, std=0.6978, min=-1.0000, max=1.0000
[12-16 20:40:27 MainThread @train_mdvi.py:398]     Team1 Agent0 动作分布: [0. 0. 1.]
[12-16 20:40:27 MainThread @train_mdvi.py:399]     动作熊涡(0=均匀,1=确定): -0.0000
[12-16 20:40:27 MainThread @decentralized_mdvi_matrix.py:372] 
=== Fitted Q-Iteration 1/50 ===
[12-16 20:40:27 MainThread @decentralized_mdvi_matrix.py:382] Computing targets for agent 1/6...
[12-16 20:40:27 MainThread @decentralized_mdvi_matrix.py:494]   [Agent 0 Target计算调试]
[12-16 20:40:27 MainThread @decentralized_mdvi_matrix.py:495]     总样本数: 5000
[12-16 20:40:27 MainThread @decentralized_mdvi_matrix.py:496]     Terminated样本: 5000 (100.0%)
[12-16 20:40:27 MainThread @decentralized_mdvi_matrix.py:497]     Target统计: mean=-0.1578, std=0.3646, min=-1.0000, max=0.0000
[12-16 20:40:27 MainThread @decentralized_mdvi_matrix.py:500]     前3个Target: [0. 0. 0.]
[12-16 20:40:27 MainThread @decentralized_mdvi_matrix.py:501]     前3个Reward: [0. 0. 0.]
[12-16 20:40:27 MainThread @decentralized_mdvi_matrix.py:502]     Target=Reward: True
[12-16 20:40:27 MainThread @decentralized_mdvi_matrix.py:382] Computing targets for agent 2/6...
[12-16 20:40:27 MainThread @decentralized_mdvi_matrix.py:382] Computing targets for agent 3/6...
[12-16 20:40:27 MainThread @decentralized_mdvi_matrix.py:382] Computing targets for agent 4/6...
[12-16 20:40:27 MainThread @decentralized_mdvi_matrix.py:382] Computing targets for agent 5/6...
[12-16 20:40:27 MainThread @decentralized_mdvi_matrix.py:382] Computing targets for agent 6/6...
[12-16 20:40:27 MainThread @decentralized_mdvi_matrix.py:392] Mean Nash solving time: 0.0000s
[12-16 20:40:27 MainThread @decentralized_mdvi_matrix.py:396] Nash cache: 100.0% hit rate (29994 hits, 6 misses, 6 cached)
[12-16 20:40:27 MainThread @decentralized_mdvi_matrix.py:401] Solving (4) by DIGing decentralized optimization...
[12-16 20:40:29 MainThread @decentralized_mdvi_matrix.py:553]   [优化结果]
[12-16 20:40:29 MainThread @decentralized_mdvi_matrix.py:554]     训练Epochs: 8
[12-16 20:40:29 MainThread @decentralized_mdvi_matrix.py:555]     总更新次数: 320
[12-16 20:40:29 MainThread @decentralized_mdvi_matrix.py:556]     最终Loss: 0.471911 (std=0.017649)
[12-16 20:40:29 MainThread @decentralized_mdvi_matrix.py:557]     最终TD_Error: 0.490823 (std=0.008852)
[12-16 20:40:29 MainThread @decentralized_mdvi_matrix.py:430] Iteration 1 completed: loss=0.4719, td_error=0.4908, consensus_error=0.003178
[12-16 20:40:29 MainThread @train_mdvi.py:321] 
=== Iteration 2/50 ===
[12-16 20:40:29 MainThread @train_mdvi.py:322] Planning: Generating 5000 trajectories from model MG
[12-16 20:40:52 MainThread @train_mdvi.py:385] Planning complete: Generated 5000 model samples
[12-16 20:40:52 MainThread @train_mdvi.py:389] 
  [Planning样本分析]
[12-16 20:40:52 MainThread @train_mdvi.py:390]     奖励统计: mean=0.0000, std=1.0000, min=-1.0000, max=1.0000
[12-16 20:40:52 MainThread @train_mdvi.py:398]     Team1 Agent0 动作分布: [1. 0. 0.]
[12-16 20:40:52 MainThread @train_mdvi.py:399]     动作熊涡(0=均匀,1=确定): -0.0000
[12-16 20:40:52 MainThread @decentralized_mdvi_matrix.py:372] 
=== Fitted Q-Iteration 2/50 ===
[12-16 20:40:52 MainThread @decentralized_mdvi_matrix.py:382] Computing targets for agent 1/6...
[12-16 20:40:52 MainThread @decentralized_mdvi_matrix.py:494]   [Agent 0 Target计算调试]
[12-16 20:40:52 MainThread @decentralized_mdvi_matrix.py:495]     总样本数: 5000
[12-16 20:40:52 MainThread @decentralized_mdvi_matrix.py:496]     Terminated样本: 5000 (100.0%)
[12-16 20:40:52 MainThread @decentralized_mdvi_matrix.py:497]     Target统计: mean=-1.0000, std=0.0000, min=-1.0000, max=-1.0000
[12-16 20:40:52 MainThread @decentralized_mdvi_matrix.py:500]     前3个Target: [-1. -1. -1.]
[12-16 20:40:52 MainThread @decentralized_mdvi_matrix.py:501]     前3个Reward: [-1. -1. -1.]
[12-16 20:40:52 MainThread @decentralized_mdvi_matrix.py:502]     Target=Reward: True
[12-16 20:40:52 MainThread @decentralized_mdvi_matrix.py:382] Computing targets for agent 2/6...
[12-16 20:40:52 MainThread @decentralized_mdvi_matrix.py:382] Computing targets for agent 3/6...
[12-16 20:40:52 MainThread @decentralized_mdvi_matrix.py:382] Computing targets for agent 4/6...
[12-16 20:40:52 MainThread @decentralized_mdvi_matrix.py:382] Computing targets for agent 5/6...
[12-16 20:40:52 MainThread @decentralized_mdvi_matrix.py:382] Computing targets for agent 6/6...
[12-16 20:40:52 MainThread @decentralized_mdvi_matrix.py:392] Mean Nash solving time: 0.0000s
[12-16 20:40:52 MainThread @decentralized_mdvi_matrix.py:396] Nash cache: 100.0% hit rate (59988 hits, 12 misses, 12 cached)
[12-16 20:40:52 MainThread @decentralized_mdvi_matrix.py:401] Solving (4) by DIGing decentralized optimization...
[12-16 20:40:54 MainThread @decentralized_mdvi_matrix.py:553]   [优化结果]
[12-16 20:40:54 MainThread @decentralized_mdvi_matrix.py:554]     训练Epochs: 8
[12-16 20:40:54 MainThread @decentralized_mdvi_matrix.py:555]     总更新次数: 320
[12-16 20:40:54 MainThread @decentralized_mdvi_matrix.py:556]     最终Loss: 0.748639 (std=0.259405)
[12-16 20:40:54 MainThread @decentralized_mdvi_matrix.py:557]     最终TD_Error: 0.833339 (std=0.177677)
[12-16 20:40:54 MainThread @decentralized_mdvi_matrix.py:430] Iteration 2 completed: loss=0.7486, td_error=0.8333, consensus_error=0.006966
[12-16 20:40:54 MainThread @train_mdvi.py:321] 
=== Iteration 3/50 ===
[12-16 20:40:54 MainThread @train_mdvi.py:322] Planning: Generating 5000 trajectories from model MG
[12-16 20:41:16 MainThread @train_mdvi.py:385] Planning complete: Generated 5000 model samples
[12-16 20:41:16 MainThread @train_mdvi.py:389] 
  [Planning样本分析]
[12-16 20:41:16 MainThread @train_mdvi.py:390]     奖励统计: mean=0.0000, std=1.0000, min=-1.0000, max=1.0000
[12-16 20:41:16 MainThread @train_mdvi.py:398]     Team1 Agent0 动作分布: [0. 1. 0.]
[12-16 20:41:16 MainThread @train_mdvi.py:399]     动作熊涡(0=均匀,1=确定): -0.0000
[12-16 20:41:16 MainThread @decentralized_mdvi_matrix.py:372] 
=== Fitted Q-Iteration 3/50 ===
[12-16 20:41:16 MainThread @decentralized_mdvi_matrix.py:382] Computing targets for agent 1/6...
[12-16 20:41:16 MainThread @decentralized_mdvi_matrix.py:494]   [Agent 0 Target计算调试]
[12-16 20:41:16 MainThread @decentralized_mdvi_matrix.py:495]     总样本数: 5000
[12-16 20:41:16 MainThread @decentralized_mdvi_matrix.py:496]     Terminated样本: 5000 (100.0%)
[12-16 20:41:16 MainThread @decentralized_mdvi_matrix.py:497]     Target统计: mean=1.0000, std=0.0000, min=1.0000, max=1.0000
[12-16 20:41:16 MainThread @decentralized_mdvi_matrix.py:500]     前3个Target: [1. 1. 1.]
[12-16 20:41:16 MainThread @decentralized_mdvi_matrix.py:501]     前3个Reward: [1. 1. 1.]
[12-16 20:41:16 MainThread @decentralized_mdvi_matrix.py:502]     Target=Reward: True
[12-16 20:41:16 MainThread @decentralized_mdvi_matrix.py:382] Computing targets for agent 2/6...
[12-16 20:41:16 MainThread @decentralized_mdvi_matrix.py:382] Computing targets for agent 3/6...
[12-16 20:41:16 MainThread @decentralized_mdvi_matrix.py:382] Computing targets for agent 4/6...
[12-16 20:41:16 MainThread @decentralized_mdvi_matrix.py:382] Computing targets for agent 5/6...
[12-16 20:41:16 MainThread @decentralized_mdvi_matrix.py:382] Computing targets for agent 6/6...
[12-16 20:41:16 MainThread @decentralized_mdvi_matrix.py:392] Mean Nash solving time: 0.0000s
[12-16 20:41:16 MainThread @decentralized_mdvi_matrix.py:396] Nash cache: 100.0% hit rate (89982 hits, 18 misses, 18 cached)
[12-16 20:41:16 MainThread @decentralized_mdvi_matrix.py:401] Solving (4) by DIGing decentralized optimization...
[12-16 20:41:19 MainThread @decentralized_mdvi_matrix.py:553]   [优化结果]
[12-16 20:41:19 MainThread @decentralized_mdvi_matrix.py:554]     训练Epochs: 8
[12-16 20:41:19 MainThread @decentralized_mdvi_matrix.py:555]     总更新次数: 320
[12-16 20:41:19 MainThread @decentralized_mdvi_matrix.py:556]     最终Loss: 0.054992 (std=0.093992)
[12-16 20:41:19 MainThread @decentralized_mdvi_matrix.py:557]     最终TD_Error: 0.143670 (std=0.146803)
[12-16 20:41:19 MainThread @decentralized_mdvi_matrix.py:430] Iteration 3 completed: loss=0.0550, td_error=0.1437, consensus_error=0.000114
[12-16 20:41:19 MainThread @train_mdvi.py:321] 
=== Iteration 4/50 ===
[12-16 20:41:19 MainThread @train_mdvi.py:322] Planning: Generating 5000 trajectories from model MG
[12-16 20:41:41 MainThread @train_mdvi.py:385] Planning complete: Generated 5000 model samples
[12-16 20:41:41 MainThread @train_mdvi.py:389] 
  [Planning样本分析]
[12-16 20:41:41 MainThread @train_mdvi.py:390]     奖励统计: mean=0.0000, std=1.0000, min=-1.0000, max=1.0000
[12-16 20:41:41 MainThread @train_mdvi.py:398]     Team1 Agent0 动作分布: [0. 1. 0.]
[12-16 20:41:41 MainThread @train_mdvi.py:399]     动作熊涡(0=均匀,1=确定): -0.0000
[12-16 20:41:41 MainThread @decentralized_mdvi_matrix.py:372] 
=== Fitted Q-Iteration 4/50 ===
[12-16 20:41:41 MainThread @decentralized_mdvi_matrix.py:382] Computing targets for agent 1/6...
[12-16 20:41:41 MainThread @decentralized_mdvi_matrix.py:494]   [Agent 0 Target计算调试]
[12-16 20:41:41 MainThread @decentralized_mdvi_matrix.py:495]     总样本数: 5000
[12-16 20:41:41 MainThread @decentralized_mdvi_matrix.py:496]     Terminated样本: 5000 (100.0%)
[12-16 20:41:41 MainThread @decentralized_mdvi_matrix.py:497]     Target统计: mean=1.0000, std=0.0000, min=1.0000, max=1.0000
[12-16 20:41:41 MainThread @decentralized_mdvi_matrix.py:500]     前3个Target: [1. 1. 1.]
[12-16 20:41:41 MainThread @decentralized_mdvi_matrix.py:501]     前3个Reward: [1. 1. 1.]
[12-16 20:41:41 MainThread @decentralized_mdvi_matrix.py:502]     Target=Reward: True
[12-16 20:41:41 MainThread @decentralized_mdvi_matrix.py:382] Computing targets for agent 2/6...
[12-16 20:41:41 MainThread @decentralized_mdvi_matrix.py:382] Computing targets for agent 3/6...
[12-16 20:41:41 MainThread @decentralized_mdvi_matrix.py:382] Computing targets for agent 4/6...
[12-16 20:41:41 MainThread @decentralized_mdvi_matrix.py:382] Computing targets for agent 5/6...
[12-16 20:41:41 MainThread @decentralized_mdvi_matrix.py:382] Computing targets for agent 6/6...
[12-16 20:41:41 MainThread @decentralized_mdvi_matrix.py:392] Mean Nash solving time: 0.0000s
[12-16 20:41:41 MainThread @decentralized_mdvi_matrix.py:396] Nash cache: 100.0% hit rate (119979 hits, 21 misses, 21 cached)
[12-16 20:41:41 MainThread @decentralized_mdvi_matrix.py:401] Solving (4) by DIGing decentralized optimization...
[12-16 20:41:43 MainThread @decentralized_mdvi_matrix.py:553]   [优化结果]
[12-16 20:41:43 MainThread @decentralized_mdvi_matrix.py:554]     训练Epochs: 8
[12-16 20:41:43 MainThread @decentralized_mdvi_matrix.py:555]     总更新次数: 320
[12-16 20:41:43 MainThread @decentralized_mdvi_matrix.py:556]     最终Loss: 0.000460 (std=0.000087)
[12-16 20:41:43 MainThread @decentralized_mdvi_matrix.py:557]     最终TD_Error: 0.020985 (std=0.002139)
[12-16 20:41:43 MainThread @decentralized_mdvi_matrix.py:430] Iteration 4 completed: loss=0.0005, td_error=0.0210, consensus_error=0.000052
[12-16 20:41:43 MainThread @train_mdvi.py:321] 
=== Iteration 5/50 ===
[12-16 20:41:43 MainThread @train_mdvi.py:322] Planning: Generating 5000 trajectories from model MG
[12-16 20:42:06 MainThread @train_mdvi.py:385] Planning complete: Generated 5000 model samples
[12-16 20:42:06 MainThread @train_mdvi.py:389] 
  [Planning样本分析]
[12-16 20:42:06 MainThread @train_mdvi.py:390]     奖励统计: mean=0.0000, std=1.0000, min=-1.0000, max=1.0000
[12-16 20:42:06 MainThread @train_mdvi.py:398]     Team1 Agent0 动作分布: [0. 1. 0.]
[12-16 20:42:06 MainThread @train_mdvi.py:399]     动作熊涡(0=均匀,1=确定): -0.0000
[12-16 20:42:06 MainThread @decentralized_mdvi_matrix.py:372] 
=== Fitted Q-Iteration 5/50 ===
[12-16 20:42:06 MainThread @decentralized_mdvi_matrix.py:382] Computing targets for agent 1/6...
[12-16 20:42:06 MainThread @decentralized_mdvi_matrix.py:494]   [Agent 0 Target计算调试]
[12-16 20:42:06 MainThread @decentralized_mdvi_matrix.py:495]     总样本数: 5000
[12-16 20:42:06 MainThread @decentralized_mdvi_matrix.py:496]     Terminated样本: 5000 (100.0%)
[12-16 20:42:06 MainThread @decentralized_mdvi_matrix.py:497]     Target统计: mean=1.0000, std=0.0000, min=1.0000, max=1.0000
[12-16 20:42:06 MainThread @decentralized_mdvi_matrix.py:500]     前3个Target: [1. 1. 1.]
[12-16 20:42:06 MainThread @decentralized_mdvi_matrix.py:501]     前3个Reward: [1. 1. 1.]
[12-16 20:42:06 MainThread @decentralized_mdvi_matrix.py:502]     Target=Reward: True
[12-16 20:42:06 MainThread @decentralized_mdvi_matrix.py:382] Computing targets for agent 2/6...
[12-16 20:42:06 MainThread @decentralized_mdvi_matrix.py:382] Computing targets for agent 3/6...
[12-16 20:42:06 MainThread @decentralized_mdvi_matrix.py:382] Computing targets for agent 4/6...
[12-16 20:42:06 MainThread @decentralized_mdvi_matrix.py:382] Computing targets for agent 5/6...
[12-16 20:42:06 MainThread @decentralized_mdvi_matrix.py:382] Computing targets for agent 6/6...
[12-16 20:42:06 MainThread @decentralized_mdvi_matrix.py:392] Mean Nash solving time: 0.0000s
[12-16 20:42:06 MainThread @decentralized_mdvi_matrix.py:396] Nash cache: 100.0% hit rate (149976 hits, 24 misses, 24 cached)
[12-16 20:42:06 MainThread @decentralized_mdvi_matrix.py:401] Solving (4) by DIGing decentralized optimization...
[12-16 20:42:08 MainThread @decentralized_mdvi_matrix.py:553]   [优化结果]
[12-16 20:42:08 MainThread @decentralized_mdvi_matrix.py:554]     训练Epochs: 8
[12-16 20:42:08 MainThread @decentralized_mdvi_matrix.py:555]     总更新次数: 320
[12-16 20:42:08 MainThread @decentralized_mdvi_matrix.py:556]     最终Loss: 0.000276 (std=0.000052)
[12-16 20:42:08 MainThread @decentralized_mdvi_matrix.py:557]     最终TD_Error: 0.015180 (std=0.001467)
[12-16 20:42:08 MainThread @decentralized_mdvi_matrix.py:430] Iteration 5 completed: loss=0.0003, td_error=0.0152, consensus_error=0.000018
[12-16 20:42:08 MainThread @train_mdvi.py:321] 
=== Iteration 6/50 ===
[12-16 20:42:08 MainThread @train_mdvi.py:322] Planning: Generating 5000 trajectories from model MG
