/home/xbotics-mumu/miniconda3/envs/TTZS/lib/python3.10/site-packages/paddle/utils/cpp_extension/extension_utils.py:718: UserWarning: No ccache found. Please be aware that recompiling all source files may be required. You can download and install ccache from: https://github.com/ccache/ccache/blob/master/doc/INSTALL.md
  warnings.warn(warning_message)
[12-16 19:48:42 MainThread @logger.py:242] Argv: train_mdvi.py --game_type rock_paper_scissors --seed 0
/home/xbotics-mumu/zljworkspace/PARL/parl/remote/utils.py:20: UserWarning: pkg_resources is deprecated as an API. See https://setuptools.pypa.io/en/latest/pkg_resources.html. The pkg_resources package is slated for removal as early as 2025-11-30. Refrain from using this package or pin to Setuptools<81.
  import pkg_resources
/home/xbotics-mumu/zljworkspace/PARL/parl/remote/worker.py:29: FutureWarning: The pynvml package is deprecated. Please install nvidia-ml-py instead. If you did not install pynvml directly, please report this to the maintainers of the package that installed pynvml for you.
  import pynvml

=== Two-Team Matrix Game Initialized ===
  Team 1: 3 agents
  Team 2: 3 agents
  Actions per agent: 3
  Game type: rock_paper_scissors
  True Nash value: -0.0000
  Team 1 Nash strategy: [0.33333333 0.33333333 0.33333333]
  Team 2 Nash strategy: [0.33333333 0.33333333 0.33333333]
[12-16 19:48:43 MainThread @decentralized_mdvi_matrix.py:336] Consensus matrix is doubly stochastic: True
[12-16 19:48:43 MainThread @train_mdvi.py:274] 
============================================================
[12-16 19:48:43 MainThread @train_mdvi.py:275] Matrix Game FQI Training
[12-16 19:48:43 MainThread @train_mdvi.py:276] ============================================================
[12-16 19:48:43 MainThread @train_mdvi.py:277] Game type: rock_paper_scissors
[12-16 19:48:43 MainThread @train_mdvi.py:278] True Nash equilibrium:
[12-16 19:48:43 MainThread @train_mdvi.py:279]   Team 1 strategy: [0.33333333 0.33333333 0.33333333]
[12-16 19:48:43 MainThread @train_mdvi.py:280]   Team 2 strategy: [0.33333333 0.33333333 0.33333333]
[12-16 19:48:43 MainThread @train_mdvi.py:281]   Nash value: -0.0000
[12-16 19:48:43 MainThread @train_mdvi.py:282] Save directory: ./mdvi_models/train_20251216_194843

[12-16 19:48:43 MainThread @train_mdvi.py:285] 
============================================================
[12-16 19:48:43 MainThread @train_mdvi.py:286] Initial Exploration: Collecting 5000 samples
[12-16 19:48:43 MainThread @train_mdvi.py:287] ============================================================
[12-16 19:48:43 MainThread @train_mdvi.py:95] 
=== Collecting random trajectory data ===
[12-16 19:48:43 MainThread @train_mdvi.py:96]   Target samples: 5000
[12-16 19:48:43 MainThread @train_mdvi.py:97]   Expected samples: 5000 (single-step game)
[12-16 19:48:43 MainThread @train_mdvi.py:124] Collected 100/5000 samples
[12-16 19:48:43 MainThread @train_mdvi.py:124] Collected 200/5000 samples
[12-16 19:48:43 MainThread @train_mdvi.py:124] Collected 300/5000 samples
[12-16 19:48:43 MainThread @train_mdvi.py:124] Collected 400/5000 samples
[12-16 19:48:43 MainThread @train_mdvi.py:124] Collected 500/5000 samples
[12-16 19:48:43 MainThread @train_mdvi.py:124] Collected 600/5000 samples
[12-16 19:48:43 MainThread @train_mdvi.py:124] Collected 700/5000 samples
[12-16 19:48:43 MainThread @train_mdvi.py:124] Collected 800/5000 samples
[12-16 19:48:43 MainThread @train_mdvi.py:124] Collected 900/5000 samples
[12-16 19:48:43 MainThread @train_mdvi.py:124] Collected 1000/5000 samples
[12-16 19:48:43 MainThread @train_mdvi.py:124] Collected 1100/5000 samples
[12-16 19:48:43 MainThread @train_mdvi.py:124] Collected 1200/5000 samples
[12-16 19:48:43 MainThread @train_mdvi.py:124] Collected 1300/5000 samples
[12-16 19:48:43 MainThread @train_mdvi.py:124] Collected 1400/5000 samples
[12-16 19:48:43 MainThread @train_mdvi.py:124] Collected 1500/5000 samples
[12-16 19:48:43 MainThread @train_mdvi.py:124] Collected 1600/5000 samples
[12-16 19:48:43 MainThread @train_mdvi.py:124] Collected 1700/5000 samples
[12-16 19:48:43 MainThread @train_mdvi.py:124] Collected 1800/5000 samples
[12-16 19:48:43 MainThread @train_mdvi.py:124] Collected 1900/5000 samples
[12-16 19:48:43 MainThread @train_mdvi.py:124] Collected 2000/5000 samples
[12-16 19:48:43 MainThread @train_mdvi.py:124] Collected 2100/5000 samples
[12-16 19:48:43 MainThread @train_mdvi.py:124] Collected 2200/5000 samples
[12-16 19:48:43 MainThread @train_mdvi.py:124] Collected 2300/5000 samples
[12-16 19:48:43 MainThread @train_mdvi.py:124] Collected 2400/5000 samples
[12-16 19:48:43 MainThread @train_mdvi.py:124] Collected 2500/5000 samples
[12-16 19:48:43 MainThread @train_mdvi.py:124] Collected 2600/5000 samples
[12-16 19:48:43 MainThread @train_mdvi.py:124] Collected 2700/5000 samples
[12-16 19:48:43 MainThread @train_mdvi.py:124] Collected 2800/5000 samples
[12-16 19:48:43 MainThread @train_mdvi.py:124] Collected 2900/5000 samples
[12-16 19:48:43 MainThread @train_mdvi.py:124] Collected 3000/5000 samples
[12-16 19:48:43 MainThread @train_mdvi.py:124] Collected 3100/5000 samples
[12-16 19:48:43 MainThread @train_mdvi.py:124] Collected 3200/5000 samples
[12-16 19:48:43 MainThread @train_mdvi.py:124] Collected 3300/5000 samples
[12-16 19:48:43 MainThread @train_mdvi.py:124] Collected 3400/5000 samples
[12-16 19:48:43 MainThread @train_mdvi.py:124] Collected 3500/5000 samples
[12-16 19:48:43 MainThread @train_mdvi.py:124] Collected 3600/5000 samples
[12-16 19:48:43 MainThread @train_mdvi.py:124] Collected 3700/5000 samples
[12-16 19:48:43 MainThread @train_mdvi.py:124] Collected 3800/5000 samples
[12-16 19:48:43 MainThread @train_mdvi.py:124] Collected 3900/5000 samples
[12-16 19:48:43 MainThread @train_mdvi.py:124] Collected 4000/5000 samples
[12-16 19:48:43 MainThread @train_mdvi.py:124] Collected 4100/5000 samples
[12-16 19:48:43 MainThread @train_mdvi.py:124] Collected 4200/5000 samples
[12-16 19:48:43 MainThread @train_mdvi.py:124] Collected 4300/5000 samples
[12-16 19:48:43 MainThread @train_mdvi.py:124] Collected 4400/5000 samples
[12-16 19:48:43 MainThread @train_mdvi.py:124] Collected 4500/5000 samples
[12-16 19:48:43 MainThread @train_mdvi.py:124] Collected 4600/5000 samples
[12-16 19:48:43 MainThread @train_mdvi.py:124] Collected 4700/5000 samples
[12-16 19:48:43 MainThread @train_mdvi.py:124] Collected 4800/5000 samples
[12-16 19:48:43 MainThread @train_mdvi.py:124] Collected 4900/5000 samples
[12-16 19:48:43 MainThread @train_mdvi.py:124] Collected 5000/5000 samples
[12-16 19:48:43 MainThread @train_mdvi.py:126] Collection finished: Buffer size=5000
[12-16 19:48:43 MainThread @train_mdvi.py:291] 
============================================================
[12-16 19:48:43 MainThread @train_mdvi.py:292] Establishing Environment Model MG
[12-16 19:48:43 MainThread @train_mdvi.py:293] ============================================================
[12-16 19:48:43 MainThread @train_mdvi.py:306] Model MG established:
[12-16 19:48:43 MainThread @train_mdvi.py:307]   Learned 48 state-action pairs
[12-16 19:48:43 MainThread @train_mdvi.py:308]   Model covers 1 unique states
[12-16 19:48:43 MainThread @train_mdvi.py:309]   Ready for Planning phase

[12-16 19:48:43 MainThread @train_mdvi.py:312] 
============================================================
[12-16 19:48:43 MainThread @train_mdvi.py:313] Starting MDVI Training (50 iterations)
[12-16 19:48:43 MainThread @train_mdvi.py:314] MDVI模式: 模型采样训练 (Planning from MG)
[12-16 19:48:43 MainThread @train_mdvi.py:315] ============================================================

[12-16 19:48:43 MainThread @train_mdvi.py:321] 
=== Iteration 1/50 ===
[12-16 19:48:43 MainThread @train_mdvi.py:322] Planning: Generating 5000 trajectories from model MG
[12-16 19:49:06 MainThread @train_mdvi.py:393] Planning complete: Generated 5000 model samples
[12-16 19:49:06 MainThread @decentralized_mdvi_matrix.py:372] 
=== Fitted Q-Iteration 1/50 ===
[12-16 19:49:06 MainThread @decentralized_mdvi_matrix.py:382] Computing targets for agent 1/6...
[12-16 19:49:06 MainThread @decentralized_mdvi_matrix.py:382] Computing targets for agent 2/6...
[12-16 19:49:06 MainThread @decentralized_mdvi_matrix.py:382] Computing targets for agent 3/6...
[12-16 19:49:06 MainThread @decentralized_mdvi_matrix.py:382] Computing targets for agent 4/6...
[12-16 19:49:06 MainThread @decentralized_mdvi_matrix.py:382] Computing targets for agent 5/6...
[12-16 19:49:06 MainThread @decentralized_mdvi_matrix.py:382] Computing targets for agent 6/6...
[12-16 19:49:06 MainThread @decentralized_mdvi_matrix.py:392] Mean Nash solving time: 0.0000s
[12-16 19:49:06 MainThread @decentralized_mdvi_matrix.py:396] Nash cache: 100.0% hit rate (29994 hits, 6 misses, 6 cached)
[12-16 19:49:06 MainThread @decentralized_mdvi_matrix.py:401] Solving (4) by DIGing decentralized optimization...
[12-16 19:49:08 MainThread @decentralized_mdvi_matrix.py:430] Iteration 1 completed: loss=0.2624, td_error=0.3345, consensus_error=0.002375
[12-16 19:49:08 MainThread @train_mdvi.py:321] 
=== Iteration 2/50 ===
[12-16 19:49:08 MainThread @train_mdvi.py:322] Planning: Generating 5000 trajectories from model MG
[12-16 19:49:30 MainThread @train_mdvi.py:393] Planning complete: Generated 5000 model samples
[12-16 19:49:30 MainThread @decentralized_mdvi_matrix.py:372] 
=== Fitted Q-Iteration 2/50 ===
[12-16 19:49:30 MainThread @decentralized_mdvi_matrix.py:382] Computing targets for agent 1/6...
[12-16 19:49:30 MainThread @decentralized_mdvi_matrix.py:382] Computing targets for agent 2/6...
[12-16 19:49:30 MainThread @decentralized_mdvi_matrix.py:382] Computing targets for agent 3/6...
[12-16 19:49:30 MainThread @decentralized_mdvi_matrix.py:382] Computing targets for agent 4/6...
[12-16 19:49:30 MainThread @decentralized_mdvi_matrix.py:382] Computing targets for agent 5/6...
[12-16 19:49:30 MainThread @decentralized_mdvi_matrix.py:382] Computing targets for agent 6/6...
[12-16 19:49:30 MainThread @decentralized_mdvi_matrix.py:392] Mean Nash solving time: 0.0000s
[12-16 19:49:30 MainThread @decentralized_mdvi_matrix.py:396] Nash cache: 100.0% hit rate (59989 hits, 11 misses, 11 cached)
[12-16 19:49:30 MainThread @decentralized_mdvi_matrix.py:401] Solving (4) by DIGing decentralized optimization...
[12-16 19:49:32 MainThread @decentralized_mdvi_matrix.py:430] Iteration 2 completed: loss=0.2331, td_error=0.4460, consensus_error=0.001608
[12-16 19:49:32 MainThread @train_mdvi.py:321] 
=== Iteration 3/50 ===
[12-16 19:49:32 MainThread @train_mdvi.py:322] Planning: Generating 5000 trajectories from model MG
[12-16 19:49:55 MainThread @train_mdvi.py:393] Planning complete: Generated 5000 model samples
[12-16 19:49:55 MainThread @decentralized_mdvi_matrix.py:372] 
=== Fitted Q-Iteration 3/50 ===
[12-16 19:49:55 MainThread @decentralized_mdvi_matrix.py:382] Computing targets for agent 1/6...
[12-16 19:49:55 MainThread @decentralized_mdvi_matrix.py:382] Computing targets for agent 2/6...
[12-16 19:49:55 MainThread @decentralized_mdvi_matrix.py:382] Computing targets for agent 3/6...
[12-16 19:49:55 MainThread @decentralized_mdvi_matrix.py:382] Computing targets for agent 4/6...
[12-16 19:49:55 MainThread @decentralized_mdvi_matrix.py:382] Computing targets for agent 5/6...
[12-16 19:49:55 MainThread @decentralized_mdvi_matrix.py:382] Computing targets for agent 6/6...
[12-16 19:49:55 MainThread @decentralized_mdvi_matrix.py:392] Mean Nash solving time: 0.0000s
[12-16 19:49:55 MainThread @decentralized_mdvi_matrix.py:396] Nash cache: 100.0% hit rate (89984 hits, 16 misses, 16 cached)
[12-16 19:49:55 MainThread @decentralized_mdvi_matrix.py:401] Solving (4) by DIGing decentralized optimization...
[12-16 19:49:57 MainThread @decentralized_mdvi_matrix.py:430] Iteration 3 completed: loss=0.2606, td_error=0.3942, consensus_error=0.002172
[12-16 19:49:57 MainThread @train_mdvi.py:321] 
=== Iteration 4/50 ===
[12-16 19:49:57 MainThread @train_mdvi.py:322] Planning: Generating 5000 trajectories from model MG
[12-16 19:50:20 MainThread @train_mdvi.py:393] Planning complete: Generated 5000 model samples
[12-16 19:50:20 MainThread @decentralized_mdvi_matrix.py:372] 
=== Fitted Q-Iteration 4/50 ===
[12-16 19:50:20 MainThread @decentralized_mdvi_matrix.py:382] Computing targets for agent 1/6...
[12-16 19:50:20 MainThread @decentralized_mdvi_matrix.py:382] Computing targets for agent 2/6...
[12-16 19:50:20 MainThread @decentralized_mdvi_matrix.py:382] Computing targets for agent 3/6...
[12-16 19:50:20 MainThread @decentralized_mdvi_matrix.py:382] Computing targets for agent 4/6...
[12-16 19:50:20 MainThread @decentralized_mdvi_matrix.py:382] Computing targets for agent 5/6...
[12-16 19:50:20 MainThread @decentralized_mdvi_matrix.py:382] Computing targets for agent 6/6...
[12-16 19:50:20 MainThread @decentralized_mdvi_matrix.py:392] Mean Nash solving time: 0.0000s
[12-16 19:50:20 MainThread @decentralized_mdvi_matrix.py:396] Nash cache: 100.0% hit rate (119978 hits, 22 misses, 22 cached)
[12-16 19:50:20 MainThread @decentralized_mdvi_matrix.py:401] Solving (4) by DIGing decentralized optimization...
[12-16 19:50:22 MainThread @decentralized_mdvi_matrix.py:430] Iteration 4 completed: loss=0.0073, td_error=0.0615, consensus_error=0.000078
[12-16 19:50:22 MainThread @train_mdvi.py:321] 
=== Iteration 5/50 ===
[12-16 19:50:22 MainThread @train_mdvi.py:322] Planning: Generating 5000 trajectories from model MG
[12-16 19:50:45 MainThread @train_mdvi.py:393] Planning complete: Generated 5000 model samples
[12-16 19:50:45 MainThread @decentralized_mdvi_matrix.py:372] 
=== Fitted Q-Iteration 5/50 ===
[12-16 19:50:45 MainThread @decentralized_mdvi_matrix.py:382] Computing targets for agent 1/6...
[12-16 19:50:45 MainThread @decentralized_mdvi_matrix.py:382] Computing targets for agent 2/6...
[12-16 19:50:45 MainThread @decentralized_mdvi_matrix.py:382] Computing targets for agent 3/6...
[12-16 19:50:45 MainThread @decentralized_mdvi_matrix.py:382] Computing targets for agent 4/6...
[12-16 19:50:45 MainThread @decentralized_mdvi_matrix.py:382] Computing targets for agent 5/6...
[12-16 19:50:45 MainThread @decentralized_mdvi_matrix.py:382] Computing targets for agent 6/6...
[12-16 19:50:45 MainThread @decentralized_mdvi_matrix.py:392] Mean Nash solving time: 0.0000s
[12-16 19:50:45 MainThread @decentralized_mdvi_matrix.py:396] Nash cache: 100.0% hit rate (149974 hits, 26 misses, 26 cached)
[12-16 19:50:45 MainThread @decentralized_mdvi_matrix.py:401] Solving (4) by DIGing decentralized optimization...
[12-16 19:50:47 MainThread @decentralized_mdvi_matrix.py:430] Iteration 5 completed: loss=0.0005, td_error=0.0205, consensus_error=0.000036
[12-16 19:50:47 MainThread @train_mdvi.py:321] 
=== Iteration 6/50 ===
[12-16 19:50:47 MainThread @train_mdvi.py:322] Planning: Generating 5000 trajectories from model MG
[12-16 19:51:10 MainThread @train_mdvi.py:393] Planning complete: Generated 5000 model samples
[12-16 19:51:10 MainThread @decentralized_mdvi_matrix.py:372] 
=== Fitted Q-Iteration 6/50 ===
[12-16 19:51:10 MainThread @decentralized_mdvi_matrix.py:382] Computing targets for agent 1/6...
[12-16 19:51:10 MainThread @decentralized_mdvi_matrix.py:382] Computing targets for agent 2/6...
[12-16 19:51:10 MainThread @decentralized_mdvi_matrix.py:382] Computing targets for agent 3/6...
[12-16 19:51:10 MainThread @decentralized_mdvi_matrix.py:382] Computing targets for agent 4/6...
[12-16 19:51:10 MainThread @decentralized_mdvi_matrix.py:382] Computing targets for agent 5/6...
[12-16 19:51:10 MainThread @decentralized_mdvi_matrix.py:382] Computing targets for agent 6/6...
[12-16 19:51:10 MainThread @decentralized_mdvi_matrix.py:392] Mean Nash solving time: 0.0000s
[12-16 19:51:10 MainThread @decentralized_mdvi_matrix.py:396] Nash cache: 100.0% hit rate (179970 hits, 30 misses, 30 cached)
[12-16 19:51:10 MainThread @decentralized_mdvi_matrix.py:401] Solving (4) by DIGing decentralized optimization...
[12-16 19:51:12 MainThread @decentralized_mdvi_matrix.py:430] Iteration 6 completed: loss=0.0003, td_error=0.0147, consensus_error=0.000065
[12-16 19:51:12 MainThread @train_mdvi.py:321] 
=== Iteration 7/50 ===
[12-16 19:51:12 MainThread @train_mdvi.py:322] Planning: Generating 5000 trajectories from model MG
[12-16 19:51:35 MainThread @train_mdvi.py:393] Planning complete: Generated 5000 model samples
[12-16 19:51:35 MainThread @decentralized_mdvi_matrix.py:372] 
=== Fitted Q-Iteration 7/50 ===
[12-16 19:51:35 MainThread @decentralized_mdvi_matrix.py:382] Computing targets for agent 1/6...
[12-16 19:51:35 MainThread @decentralized_mdvi_matrix.py:382] Computing targets for agent 2/6...
[12-16 19:51:35 MainThread @decentralized_mdvi_matrix.py:382] Computing targets for agent 3/6...
[12-16 19:51:35 MainThread @decentralized_mdvi_matrix.py:382] Computing targets for agent 4/6...
[12-16 19:51:35 MainThread @decentralized_mdvi_matrix.py:382] Computing targets for agent 5/6...
[12-16 19:51:35 MainThread @decentralized_mdvi_matrix.py:382] Computing targets for agent 6/6...
[12-16 19:51:35 MainThread @decentralized_mdvi_matrix.py:392] Mean Nash solving time: 0.0000s
[12-16 19:51:35 MainThread @decentralized_mdvi_matrix.py:396] Nash cache: 100.0% hit rate (209965 hits, 35 misses, 35 cached)
[12-16 19:51:35 MainThread @decentralized_mdvi_matrix.py:401] Solving (4) by DIGing decentralized optimization...
[12-16 19:51:37 MainThread @decentralized_mdvi_matrix.py:430] Iteration 7 completed: loss=0.0002, td_error=0.0111, consensus_error=0.000070
[12-16 19:51:37 MainThread @train_mdvi.py:321] 
=== Iteration 8/50 ===
[12-16 19:51:37 MainThread @train_mdvi.py:322] Planning: Generating 5000 trajectories from model MG
[12-16 19:51:59 MainThread @train_mdvi.py:393] Planning complete: Generated 5000 model samples
[12-16 19:51:59 MainThread @decentralized_mdvi_matrix.py:372] 
=== Fitted Q-Iteration 8/50 ===
[12-16 19:51:59 MainThread @decentralized_mdvi_matrix.py:382] Computing targets for agent 1/6...
[12-16 19:51:59 MainThread @decentralized_mdvi_matrix.py:382] Computing targets for agent 2/6...
[12-16 19:51:59 MainThread @decentralized_mdvi_matrix.py:382] Computing targets for agent 3/6...
[12-16 19:51:59 MainThread @decentralized_mdvi_matrix.py:382] Computing targets for agent 4/6...
[12-16 19:51:59 MainThread @decentralized_mdvi_matrix.py:382] Computing targets for agent 5/6...
[12-16 19:51:59 MainThread @decentralized_mdvi_matrix.py:382] Computing targets for agent 6/6...
[12-16 19:51:59 MainThread @decentralized_mdvi_matrix.py:392] Mean Nash solving time: 0.0000s
[12-16 19:51:59 MainThread @decentralized_mdvi_matrix.py:396] Nash cache: 100.0% hit rate (239959 hits, 41 misses, 41 cached)
[12-16 19:51:59 MainThread @decentralized_mdvi_matrix.py:401] Solving (4) by DIGing decentralized optimization...
[12-16 19:52:01 MainThread @decentralized_mdvi_matrix.py:430] Iteration 8 completed: loss=0.0001, td_error=0.0087, consensus_error=0.000076
[12-16 19:52:01 MainThread @train_mdvi.py:321] 
=== Iteration 9/50 ===
[12-16 19:52:01 MainThread @train_mdvi.py:322] Planning: Generating 5000 trajectories from model MG
[12-16 19:52:24 MainThread @train_mdvi.py:393] Planning complete: Generated 5000 model samples
[12-16 19:52:24 MainThread @decentralized_mdvi_matrix.py:372] 
=== Fitted Q-Iteration 9/50 ===
[12-16 19:52:24 MainThread @decentralized_mdvi_matrix.py:382] Computing targets for agent 1/6...
[12-16 19:52:24 MainThread @decentralized_mdvi_matrix.py:382] Computing targets for agent 2/6...
[12-16 19:52:24 MainThread @decentralized_mdvi_matrix.py:382] Computing targets for agent 3/6...
[12-16 19:52:24 MainThread @decentralized_mdvi_matrix.py:382] Computing targets for agent 4/6...
[12-16 19:52:24 MainThread @decentralized_mdvi_matrix.py:382] Computing targets for agent 5/6...
[12-16 19:52:24 MainThread @decentralized_mdvi_matrix.py:382] Computing targets for agent 6/6...
[12-16 19:52:24 MainThread @decentralized_mdvi_matrix.py:392] Mean Nash solving time: 0.0000s
[12-16 19:52:24 MainThread @decentralized_mdvi_matrix.py:396] Nash cache: 100.0% hit rate (269954 hits, 46 misses, 46 cached)
[12-16 19:52:24 MainThread @decentralized_mdvi_matrix.py:401] Solving (4) by DIGing decentralized optimization...
[12-16 19:52:26 MainThread @decentralized_mdvi_matrix.py:430] Iteration 9 completed: loss=0.0001, td_error=0.0070, consensus_error=0.000071
[12-16 19:52:26 MainThread @train_mdvi.py:321] 
=== Iteration 10/50 ===
[12-16 19:52:26 MainThread @train_mdvi.py:322] Planning: Generating 5000 trajectories from model MG
[12-16 19:52:49 MainThread @train_mdvi.py:393] Planning complete: Generated 5000 model samples
[12-16 19:52:49 MainThread @decentralized_mdvi_matrix.py:372] 
=== Fitted Q-Iteration 10/50 ===
[12-16 19:52:49 MainThread @decentralized_mdvi_matrix.py:382] Computing targets for agent 1/6...
[12-16 19:52:49 MainThread @decentralized_mdvi_matrix.py:382] Computing targets for agent 2/6...
[12-16 19:52:49 MainThread @decentralized_mdvi_matrix.py:382] Computing targets for agent 3/6...
[12-16 19:52:49 MainThread @decentralized_mdvi_matrix.py:382] Computing targets for agent 4/6...
[12-16 19:52:49 MainThread @decentralized_mdvi_matrix.py:382] Computing targets for agent 5/6...
[12-16 19:52:49 MainThread @decentralized_mdvi_matrix.py:382] Computing targets for agent 6/6...
[12-16 19:52:49 MainThread @decentralized_mdvi_matrix.py:392] Mean Nash solving time: 0.0000s
[12-16 19:52:49 MainThread @decentralized_mdvi_matrix.py:396] Nash cache: 100.0% hit rate (299949 hits, 51 misses, 51 cached)
[12-16 19:52:49 MainThread @decentralized_mdvi_matrix.py:401] Solving (4) by DIGing decentralized optimization...
[12-16 19:52:51 MainThread @decentralized_mdvi_matrix.py:418] Learning rate decayed: 0.001891 -> 0.001796
[12-16 19:52:51 MainThread @decentralized_mdvi_matrix.py:430] Iteration 10 completed: loss=0.1009, td_error=0.1947, consensus_error=0.000002
[12-16 19:52:51 MainThread @train_mdvi.py:406] 
=== Evaluation at Iteration 10 ===
[12-16 19:52:51 MainThread @train_mdvi.py:407]   Nash distance: 0.816497
[12-16 19:52:51 MainThread @train_mdvi.py:408]   Learned Nash value: 0.0166 (True: -0.0000)
[12-16 19:52:51 MainThread @train_mdvi.py:410]   Value error: 0.016602

[12-16 19:52:51 MainThread @train_mdvi.py:321] 
=== Iteration 11/50 ===
[12-16 19:52:51 MainThread @train_mdvi.py:322] Planning: Generating 5000 trajectories from model MG
[12-16 19:53:15 MainThread @train_mdvi.py:393] Planning complete: Generated 5000 model samples
[12-16 19:53:15 MainThread @decentralized_mdvi_matrix.py:372] 
=== Fitted Q-Iteration 11/50 ===
[12-16 19:53:15 MainThread @decentralized_mdvi_matrix.py:382] Computing targets for agent 1/6...
[12-16 19:53:15 MainThread @decentralized_mdvi_matrix.py:382] Computing targets for agent 2/6...
[12-16 19:53:15 MainThread @decentralized_mdvi_matrix.py:382] Computing targets for agent 3/6...
[12-16 19:53:15 MainThread @decentralized_mdvi_matrix.py:382] Computing targets for agent 4/6...
[12-16 19:53:15 MainThread @decentralized_mdvi_matrix.py:382] Computing targets for agent 5/6...
[12-16 19:53:15 MainThread @decentralized_mdvi_matrix.py:382] Computing targets for agent 6/6...
[12-16 19:53:15 MainThread @decentralized_mdvi_matrix.py:392] Mean Nash solving time: 0.0000s
[12-16 19:53:15 MainThread @decentralized_mdvi_matrix.py:396] Nash cache: 100.0% hit rate (329950 hits, 53 misses, 53 cached)
[12-16 19:53:15 MainThread @decentralized_mdvi_matrix.py:401] Solving (4) by DIGing decentralized optimization...
[12-16 19:53:17 MainThread @decentralized_mdvi_matrix.py:430] Iteration 11 completed: loss=0.0465, td_error=0.1073, consensus_error=0.000037
[12-16 19:53:17 MainThread @train_mdvi.py:321] 
=== Iteration 12/50 ===
[12-16 19:53:17 MainThread @train_mdvi.py:322] Planning: Generating 5000 trajectories from model MG
[12-16 19:53:40 MainThread @train_mdvi.py:393] Planning complete: Generated 5000 model samples
[12-16 19:53:40 MainThread @decentralized_mdvi_matrix.py:372] 
=== Fitted Q-Iteration 12/50 ===
[12-16 19:53:40 MainThread @decentralized_mdvi_matrix.py:382] Computing targets for agent 1/6...
[12-16 19:53:40 MainThread @decentralized_mdvi_matrix.py:382] Computing targets for agent 2/6...
[12-16 19:53:40 MainThread @decentralized_mdvi_matrix.py:382] Computing targets for agent 3/6...
[12-16 19:53:40 MainThread @decentralized_mdvi_matrix.py:382] Computing targets for agent 4/6...
[12-16 19:53:40 MainThread @decentralized_mdvi_matrix.py:382] Computing targets for agent 5/6...
[12-16 19:53:40 MainThread @decentralized_mdvi_matrix.py:382] Computing targets for agent 6/6...
[12-16 19:53:40 MainThread @decentralized_mdvi_matrix.py:392] Mean Nash solving time: 0.0000s
[12-16 19:53:40 MainThread @decentralized_mdvi_matrix.py:396] Nash cache: 100.0% hit rate (359946 hits, 57 misses, 57 cached)
[12-16 19:53:40 MainThread @decentralized_mdvi_matrix.py:401] Solving (4) by DIGing decentralized optimization...
[12-16 19:53:42 MainThread @decentralized_mdvi_matrix.py:430] Iteration 12 completed: loss=0.1419, td_error=0.2954, consensus_error=0.016593
[12-16 19:53:42 MainThread @train_mdvi.py:321] 
=== Iteration 13/50 ===
[12-16 19:53:42 MainThread @train_mdvi.py:322] Planning: Generating 5000 trajectories from model MG
[12-16 19:54:05 MainThread @train_mdvi.py:393] Planning complete: Generated 5000 model samples
[12-16 19:54:05 MainThread @decentralized_mdvi_matrix.py:372] 
=== Fitted Q-Iteration 13/50 ===
[12-16 19:54:05 MainThread @decentralized_mdvi_matrix.py:382] Computing targets for agent 1/6...
[12-16 19:54:05 MainThread @decentralized_mdvi_matrix.py:382] Computing targets for agent 2/6...
[12-16 19:54:05 MainThread @decentralized_mdvi_matrix.py:382] Computing targets for agent 3/6...
[12-16 19:54:05 MainThread @decentralized_mdvi_matrix.py:382] Computing targets for agent 4/6...
[12-16 19:54:05 MainThread @decentralized_mdvi_matrix.py:382] Computing targets for agent 5/6...
[12-16 19:54:05 MainThread @decentralized_mdvi_matrix.py:382] Computing targets for agent 6/6...
[12-16 19:54:05 MainThread @decentralized_mdvi_matrix.py:392] Mean Nash solving time: 0.0000s
[12-16 19:54:05 MainThread @decentralized_mdvi_matrix.py:396] Nash cache: 100.0% hit rate (389940 hits, 63 misses, 63 cached)
[12-16 19:54:05 MainThread @decentralized_mdvi_matrix.py:401] Solving (4) by DIGing decentralized optimization...
[12-16 19:54:07 MainThread @decentralized_mdvi_matrix.py:430] Iteration 13 completed: loss=0.0062, td_error=0.0273, consensus_error=0.000071
[12-16 19:54:07 MainThread @train_mdvi.py:321] 
=== Iteration 14/50 ===
[12-16 19:54:07 MainThread @train_mdvi.py:322] Planning: Generating 5000 trajectories from model MG
[12-16 19:54:30 MainThread @train_mdvi.py:393] Planning complete: Generated 5000 model samples
[12-16 19:54:30 MainThread @decentralized_mdvi_matrix.py:372] 
=== Fitted Q-Iteration 14/50 ===
[12-16 19:54:30 MainThread @decentralized_mdvi_matrix.py:382] Computing targets for agent 1/6...
[12-16 19:54:30 MainThread @decentralized_mdvi_matrix.py:382] Computing targets for agent 2/6...
[12-16 19:54:30 MainThread @decentralized_mdvi_matrix.py:382] Computing targets for agent 3/6...
[12-16 19:54:30 MainThread @decentralized_mdvi_matrix.py:382] Computing targets for agent 4/6...
[12-16 19:54:30 MainThread @decentralized_mdvi_matrix.py:382] Computing targets for agent 5/6...
[12-16 19:54:30 MainThread @decentralized_mdvi_matrix.py:382] Computing targets for agent 6/6...
[12-16 19:54:30 MainThread @decentralized_mdvi_matrix.py:392] Mean Nash solving time: 0.0000s
[12-16 19:54:30 MainThread @decentralized_mdvi_matrix.py:396] Nash cache: 100.0% hit rate (419934 hits, 69 misses, 69 cached)
[12-16 19:54:30 MainThread @decentralized_mdvi_matrix.py:401] Solving (4) by DIGing decentralized optimization...
[12-16 19:54:32 MainThread @decentralized_mdvi_matrix.py:430] Iteration 14 completed: loss=0.0995, td_error=0.1306, consensus_error=0.036093
[12-16 19:54:32 MainThread @train_mdvi.py:321] 
=== Iteration 15/50 ===
[12-16 19:54:32 MainThread @train_mdvi.py:322] Planning: Generating 5000 trajectories from model MG
[12-16 19:54:54 MainThread @train_mdvi.py:393] Planning complete: Generated 5000 model samples
[12-16 19:54:54 MainThread @decentralized_mdvi_matrix.py:372] 
=== Fitted Q-Iteration 15/50 ===
[12-16 19:54:54 MainThread @decentralized_mdvi_matrix.py:382] Computing targets for agent 1/6...
[12-16 19:54:54 MainThread @decentralized_mdvi_matrix.py:382] Computing targets for agent 2/6...
[12-16 19:54:54 MainThread @decentralized_mdvi_matrix.py:382] Computing targets for agent 3/6...
[12-16 19:54:54 MainThread @decentralized_mdvi_matrix.py:382] Computing targets for agent 4/6...
[12-16 19:54:54 MainThread @decentralized_mdvi_matrix.py:382] Computing targets for agent 5/6...
[12-16 19:54:54 MainThread @decentralized_mdvi_matrix.py:382] Computing targets for agent 6/6...
[12-16 19:54:54 MainThread @decentralized_mdvi_matrix.py:392] Mean Nash solving time: 0.0000s
[12-16 19:54:54 MainThread @decentralized_mdvi_matrix.py:396] Nash cache: 100.0% hit rate (449928 hits, 75 misses, 75 cached)
[12-16 19:54:54 MainThread @decentralized_mdvi_matrix.py:401] Solving (4) by DIGing decentralized optimization...
[12-16 19:54:57 MainThread @decentralized_mdvi_matrix.py:430] Iteration 15 completed: loss=0.0675, td_error=0.1356, consensus_error=0.000954
[12-16 19:54:57 MainThread @train_mdvi.py:321] 
=== Iteration 16/50 ===
[12-16 19:54:57 MainThread @train_mdvi.py:322] Planning: Generating 5000 trajectories from model MG
[12-16 19:55:20 MainThread @train_mdvi.py:393] Planning complete: Generated 5000 model samples
[12-16 19:55:20 MainThread @decentralized_mdvi_matrix.py:372] 
=== Fitted Q-Iteration 16/50 ===
[12-16 19:55:20 MainThread @decentralized_mdvi_matrix.py:382] Computing targets for agent 1/6...
[12-16 19:55:20 MainThread @decentralized_mdvi_matrix.py:382] Computing targets for agent 2/6...
[12-16 19:55:20 MainThread @decentralized_mdvi_matrix.py:382] Computing targets for agent 3/6...
[12-16 19:55:20 MainThread @decentralized_mdvi_matrix.py:382] Computing targets for agent 4/6...
[12-16 19:55:20 MainThread @decentralized_mdvi_matrix.py:382] Computing targets for agent 5/6...
[12-16 19:55:20 MainThread @decentralized_mdvi_matrix.py:382] Computing targets for agent 6/6...
[12-16 19:55:20 MainThread @decentralized_mdvi_matrix.py:392] Mean Nash solving time: 0.0000s
[12-16 19:55:20 MainThread @decentralized_mdvi_matrix.py:396] Nash cache: 100.0% hit rate (479922 hits, 81 misses, 81 cached)
[12-16 19:55:20 MainThread @decentralized_mdvi_matrix.py:401] Solving (4) by DIGing decentralized optimization...
[12-16 19:55:22 MainThread @decentralized_mdvi_matrix.py:430] Iteration 16 completed: loss=0.0001, td_error=0.0053, consensus_error=0.000339
[12-16 19:55:22 MainThread @train_mdvi.py:321] 
=== Iteration 17/50 ===
[12-16 19:55:22 MainThread @train_mdvi.py:322] Planning: Generating 5000 trajectories from model MG
[12-16 19:55:44 MainThread @train_mdvi.py:393] Planning complete: Generated 5000 model samples
[12-16 19:55:44 MainThread @decentralized_mdvi_matrix.py:372] 
=== Fitted Q-Iteration 17/50 ===
[12-16 19:55:44 MainThread @decentralized_mdvi_matrix.py:382] Computing targets for agent 1/6...
[12-16 19:55:44 MainThread @decentralized_mdvi_matrix.py:382] Computing targets for agent 2/6...
[12-16 19:55:44 MainThread @decentralized_mdvi_matrix.py:382] Computing targets for agent 3/6...
[12-16 19:55:44 MainThread @decentralized_mdvi_matrix.py:382] Computing targets for agent 4/6...
[12-16 19:55:44 MainThread @decentralized_mdvi_matrix.py:382] Computing targets for agent 5/6...
[12-16 19:55:44 MainThread @decentralized_mdvi_matrix.py:382] Computing targets for agent 6/6...
[12-16 19:55:44 MainThread @decentralized_mdvi_matrix.py:392] Mean Nash solving time: 0.0000s
[12-16 19:55:44 MainThread @decentralized_mdvi_matrix.py:396] Nash cache: 100.0% hit rate (509916 hits, 87 misses, 87 cached)
[12-16 19:55:44 MainThread @decentralized_mdvi_matrix.py:401] Solving (4) by DIGing decentralized optimization...
[12-16 19:55:46 MainThread @decentralized_mdvi_matrix.py:430] Iteration 17 completed: loss=0.0000, td_error=0.0042, consensus_error=0.001095
[12-16 19:55:46 MainThread @train_mdvi.py:321] 
=== Iteration 18/50 ===
[12-16 19:55:46 MainThread @train_mdvi.py:322] Planning: Generating 5000 trajectories from model MG
[12-16 19:56:09 MainThread @train_mdvi.py:393] Planning complete: Generated 5000 model samples
[12-16 19:56:09 MainThread @decentralized_mdvi_matrix.py:372] 
=== Fitted Q-Iteration 18/50 ===
[12-16 19:56:09 MainThread @decentralized_mdvi_matrix.py:382] Computing targets for agent 1/6...
[12-16 19:56:09 MainThread @decentralized_mdvi_matrix.py:382] Computing targets for agent 2/6...
[12-16 19:56:09 MainThread @decentralized_mdvi_matrix.py:382] Computing targets for agent 3/6...
[12-16 19:56:09 MainThread @decentralized_mdvi_matrix.py:382] Computing targets for agent 4/6...
[12-16 19:56:09 MainThread @decentralized_mdvi_matrix.py:382] Computing targets for agent 5/6...
[12-16 19:56:09 MainThread @decentralized_mdvi_matrix.py:382] Computing targets for agent 6/6...
[12-16 19:56:09 MainThread @decentralized_mdvi_matrix.py:392] Mean Nash solving time: 0.0000s
[12-16 19:56:09 MainThread @decentralized_mdvi_matrix.py:396] Nash cache: 100.0% hit rate (539910 hits, 93 misses, 93 cached)
[12-16 19:56:09 MainThread @decentralized_mdvi_matrix.py:401] Solving (4) by DIGing decentralized optimization...
[12-16 19:56:11 MainThread @decentralized_mdvi_matrix.py:430] Iteration 18 completed: loss=0.0001, td_error=0.0046, consensus_error=0.001187
[12-16 19:56:11 MainThread @train_mdvi.py:321] 
=== Iteration 19/50 ===
[12-16 19:56:11 MainThread @train_mdvi.py:322] Planning: Generating 5000 trajectories from model MG
[12-16 19:56:34 MainThread @train_mdvi.py:393] Planning complete: Generated 5000 model samples
[12-16 19:56:34 MainThread @decentralized_mdvi_matrix.py:372] 
=== Fitted Q-Iteration 19/50 ===
[12-16 19:56:34 MainThread @decentralized_mdvi_matrix.py:382] Computing targets for agent 1/6...
[12-16 19:56:34 MainThread @decentralized_mdvi_matrix.py:382] Computing targets for agent 2/6...
[12-16 19:56:34 MainThread @decentralized_mdvi_matrix.py:382] Computing targets for agent 3/6...
[12-16 19:56:34 MainThread @decentralized_mdvi_matrix.py:382] Computing targets for agent 4/6...
[12-16 19:56:34 MainThread @decentralized_mdvi_matrix.py:382] Computing targets for agent 5/6...
[12-16 19:56:34 MainThread @decentralized_mdvi_matrix.py:382] Computing targets for agent 6/6...
[12-16 19:56:34 MainThread @decentralized_mdvi_matrix.py:392] Mean Nash solving time: 0.0000s
[12-16 19:56:34 MainThread @decentralized_mdvi_matrix.py:396] Nash cache: 100.0% hit rate (569904 hits, 99 misses, 99 cached)
[12-16 19:56:34 MainThread @decentralized_mdvi_matrix.py:401] Solving (4) by DIGing decentralized optimization...
[12-16 19:56:36 MainThread @decentralized_mdvi_matrix.py:430] Iteration 19 completed: loss=0.2043, td_error=0.3604, consensus_error=0.016234
[12-16 19:56:36 MainThread @train_mdvi.py:321] 
=== Iteration 20/50 ===
[12-16 19:56:36 MainThread @train_mdvi.py:322] Planning: Generating 5000 trajectories from model MG
[12-16 19:56:58 MainThread @train_mdvi.py:393] Planning complete: Generated 5000 model samples
[12-16 19:56:58 MainThread @decentralized_mdvi_matrix.py:372] 
=== Fitted Q-Iteration 20/50 ===
[12-16 19:56:58 MainThread @decentralized_mdvi_matrix.py:382] Computing targets for agent 1/6...
[12-16 19:56:58 MainThread @decentralized_mdvi_matrix.py:382] Computing targets for agent 2/6...
[12-16 19:56:58 MainThread @decentralized_mdvi_matrix.py:382] Computing targets for agent 3/6...
[12-16 19:56:58 MainThread @decentralized_mdvi_matrix.py:382] Computing targets for agent 4/6...
[12-16 19:56:58 MainThread @decentralized_mdvi_matrix.py:382] Computing targets for agent 5/6...
[12-16 19:56:58 MainThread @decentralized_mdvi_matrix.py:382] Computing targets for agent 6/6...
[12-16 19:56:58 MainThread @decentralized_mdvi_matrix.py:392] Mean Nash solving time: 0.0000s
[12-16 19:56:58 MainThread @decentralized_mdvi_matrix.py:396] Nash cache: 100.0% hit rate (599898 hits, 105 misses, 105 cached)
[12-16 19:56:58 MainThread @decentralized_mdvi_matrix.py:401] Solving (4) by DIGing decentralized optimization...
[12-16 19:57:00 MainThread @decentralized_mdvi_matrix.py:418] Learning rate decayed: 0.001132 -> 0.001075
[12-16 19:57:00 MainThread @decentralized_mdvi_matrix.py:430] Iteration 20 completed: loss=0.0848, td_error=0.1534, consensus_error=0.000272
[12-16 19:57:00 MainThread @train_mdvi.py:406] 
=== Evaluation at Iteration 20 ===
[12-16 19:57:00 MainThread @train_mdvi.py:407]   Nash distance: 0.816497
[12-16 19:57:00 MainThread @train_mdvi.py:408]   Learned Nash value: -1.0353 (True: -0.0000)
[12-16 19:57:00 MainThread @train_mdvi.py:410]   Value error: 1.035347

[12-16 19:57:00 MainThread @decentralized_mdvi_matrix.py:678] Models saved to ./mdvi_models/train_20251216_194843
[12-16 19:57:00 MainThread @train_mdvi.py:321] 
=== Iteration 21/50 ===
[12-16 19:57:00 MainThread @train_mdvi.py:322] Planning: Generating 5000 trajectories from model MG
[12-16 19:57:23 MainThread @train_mdvi.py:393] Planning complete: Generated 5000 model samples
[12-16 19:57:23 MainThread @decentralized_mdvi_matrix.py:372] 
=== Fitted Q-Iteration 21/50 ===
[12-16 19:57:23 MainThread @decentralized_mdvi_matrix.py:382] Computing targets for agent 1/6...
[12-16 19:57:23 MainThread @decentralized_mdvi_matrix.py:382] Computing targets for agent 2/6...
[12-16 19:57:23 MainThread @decentralized_mdvi_matrix.py:382] Computing targets for agent 3/6...
[12-16 19:57:23 MainThread @decentralized_mdvi_matrix.py:382] Computing targets for agent 4/6...
[12-16 19:57:23 MainThread @decentralized_mdvi_matrix.py:382] Computing targets for agent 5/6...
[12-16 19:57:23 MainThread @decentralized_mdvi_matrix.py:382] Computing targets for agent 6/6...
[12-16 19:57:23 MainThread @decentralized_mdvi_matrix.py:392] Mean Nash solving time: 0.0000s
[12-16 19:57:23 MainThread @decentralized_mdvi_matrix.py:396] Nash cache: 100.0% hit rate (629895 hits, 111 misses, 111 cached)
[12-16 19:57:23 MainThread @decentralized_mdvi_matrix.py:401] Solving (4) by DIGing decentralized optimization...
[12-16 19:57:25 MainThread @decentralized_mdvi_matrix.py:430] Iteration 21 completed: loss=0.0008, td_error=0.0219, consensus_error=0.000866
[12-16 19:57:25 MainThread @train_mdvi.py:321] 
=== Iteration 22/50 ===
[12-16 19:57:25 MainThread @train_mdvi.py:322] Planning: Generating 5000 trajectories from model MG
[12-16 19:57:48 MainThread @train_mdvi.py:393] Planning complete: Generated 5000 model samples
[12-16 19:57:48 MainThread @decentralized_mdvi_matrix.py:372] 
=== Fitted Q-Iteration 22/50 ===
[12-16 19:57:48 MainThread @decentralized_mdvi_matrix.py:382] Computing targets for agent 1/6...
[12-16 19:57:48 MainThread @decentralized_mdvi_matrix.py:382] Computing targets for agent 2/6...
[12-16 19:57:48 MainThread @decentralized_mdvi_matrix.py:382] Computing targets for agent 3/6...
[12-16 19:57:48 MainThread @decentralized_mdvi_matrix.py:382] Computing targets for agent 4/6...
[12-16 19:57:48 MainThread @decentralized_mdvi_matrix.py:382] Computing targets for agent 5/6...
[12-16 19:57:48 MainThread @decentralized_mdvi_matrix.py:382] Computing targets for agent 6/6...
[12-16 19:57:48 MainThread @decentralized_mdvi_matrix.py:392] Mean Nash solving time: 0.0000s
[12-16 19:57:48 MainThread @decentralized_mdvi_matrix.py:396] Nash cache: 100.0% hit rate (659889 hits, 117 misses, 117 cached)
[12-16 19:57:48 MainThread @decentralized_mdvi_matrix.py:401] Solving (4) by DIGing decentralized optimization...
[12-16 19:57:50 MainThread @decentralized_mdvi_matrix.py:430] Iteration 22 completed: loss=0.0819, td_error=0.1948, consensus_error=0.000925
[12-16 19:57:50 MainThread @train_mdvi.py:321] 
=== Iteration 23/50 ===
[12-16 19:57:50 MainThread @train_mdvi.py:322] Planning: Generating 5000 trajectories from model MG
[12-16 19:58:13 MainThread @train_mdvi.py:393] Planning complete: Generated 5000 model samples
[12-16 19:58:13 MainThread @decentralized_mdvi_matrix.py:372] 
=== Fitted Q-Iteration 23/50 ===
[12-16 19:58:13 MainThread @decentralized_mdvi_matrix.py:382] Computing targets for agent 1/6...
[12-16 19:58:13 MainThread @decentralized_mdvi_matrix.py:382] Computing targets for agent 2/6...
[12-16 19:58:13 MainThread @decentralized_mdvi_matrix.py:382] Computing targets for agent 3/6...
[12-16 19:58:13 MainThread @decentralized_mdvi_matrix.py:382] Computing targets for agent 4/6...
[12-16 19:58:13 MainThread @decentralized_mdvi_matrix.py:382] Computing targets for agent 5/6...
[12-16 19:58:13 MainThread @decentralized_mdvi_matrix.py:382] Computing targets for agent 6/6...
[12-16 19:58:13 MainThread @decentralized_mdvi_matrix.py:392] Mean Nash solving time: 0.0000s
[12-16 19:58:13 MainThread @decentralized_mdvi_matrix.py:396] Nash cache: 100.0% hit rate (689883 hits, 123 misses, 123 cached)
[12-16 19:58:13 MainThread @decentralized_mdvi_matrix.py:401] Solving (4) by DIGing decentralized optimization...
[12-16 19:58:15 MainThread @decentralized_mdvi_matrix.py:430] Iteration 23 completed: loss=0.1771, td_error=0.3017, consensus_error=0.002287
[12-16 19:58:15 MainThread @train_mdvi.py:321] 
=== Iteration 24/50 ===
[12-16 19:58:15 MainThread @train_mdvi.py:322] Planning: Generating 5000 trajectories from model MG
[12-16 19:58:38 MainThread @train_mdvi.py:393] Planning complete: Generated 5000 model samples
[12-16 19:58:38 MainThread @decentralized_mdvi_matrix.py:372] 
=== Fitted Q-Iteration 24/50 ===
[12-16 19:58:38 MainThread @decentralized_mdvi_matrix.py:382] Computing targets for agent 1/6...
[12-16 19:58:38 MainThread @decentralized_mdvi_matrix.py:382] Computing targets for agent 2/6...
[12-16 19:58:38 MainThread @decentralized_mdvi_matrix.py:382] Computing targets for agent 3/6...
[12-16 19:58:38 MainThread @decentralized_mdvi_matrix.py:382] Computing targets for agent 4/6...
[12-16 19:58:38 MainThread @decentralized_mdvi_matrix.py:382] Computing targets for agent 5/6...
[12-16 19:58:38 MainThread @decentralized_mdvi_matrix.py:382] Computing targets for agent 6/6...
[12-16 19:58:38 MainThread @decentralized_mdvi_matrix.py:392] Mean Nash solving time: 0.0000s
[12-16 19:58:38 MainThread @decentralized_mdvi_matrix.py:396] Nash cache: 100.0% hit rate (719877 hits, 129 misses, 129 cached)
[12-16 19:58:38 MainThread @decentralized_mdvi_matrix.py:401] Solving (4) by DIGing decentralized optimization...
[12-16 19:58:40 MainThread @decentralized_mdvi_matrix.py:430] Iteration 24 completed: loss=0.0046, td_error=0.0482, consensus_error=0.001929
[12-16 19:58:40 MainThread @train_mdvi.py:321] 
=== Iteration 25/50 ===
[12-16 19:58:40 MainThread @train_mdvi.py:322] Planning: Generating 5000 trajectories from model MG
[12-16 19:59:02 MainThread @train_mdvi.py:393] Planning complete: Generated 5000 model samples
[12-16 19:59:02 MainThread @decentralized_mdvi_matrix.py:372] 
=== Fitted Q-Iteration 25/50 ===
[12-16 19:59:02 MainThread @decentralized_mdvi_matrix.py:382] Computing targets for agent 1/6...
[12-16 19:59:02 MainThread @decentralized_mdvi_matrix.py:382] Computing targets for agent 2/6...
[12-16 19:59:02 MainThread @decentralized_mdvi_matrix.py:382] Computing targets for agent 3/6...
[12-16 19:59:02 MainThread @decentralized_mdvi_matrix.py:382] Computing targets for agent 4/6...
[12-16 19:59:02 MainThread @decentralized_mdvi_matrix.py:382] Computing targets for agent 5/6...
[12-16 19:59:02 MainThread @decentralized_mdvi_matrix.py:382] Computing targets for agent 6/6...
[12-16 19:59:02 MainThread @decentralized_mdvi_matrix.py:392] Mean Nash solving time: 0.0000s
[12-16 19:59:02 MainThread @decentralized_mdvi_matrix.py:396] Nash cache: 100.0% hit rate (749871 hits, 135 misses, 135 cached)
[12-16 19:59:02 MainThread @decentralized_mdvi_matrix.py:401] Solving (4) by DIGing decentralized optimization...
[12-16 19:59:04 MainThread @decentralized_mdvi_matrix.py:430] Iteration 25 completed: loss=0.1933, td_error=0.3635, consensus_error=0.003986
[12-16 19:59:04 MainThread @train_mdvi.py:321] 
=== Iteration 26/50 ===
[12-16 19:59:04 MainThread @train_mdvi.py:322] Planning: Generating 5000 trajectories from model MG
[12-16 19:59:27 MainThread @train_mdvi.py:393] Planning complete: Generated 5000 model samples
[12-16 19:59:27 MainThread @decentralized_mdvi_matrix.py:372] 
=== Fitted Q-Iteration 26/50 ===
[12-16 19:59:27 MainThread @decentralized_mdvi_matrix.py:382] Computing targets for agent 1/6...
[12-16 19:59:27 MainThread @decentralized_mdvi_matrix.py:382] Computing targets for agent 2/6...
[12-16 19:59:27 MainThread @decentralized_mdvi_matrix.py:382] Computing targets for agent 3/6...
[12-16 19:59:27 MainThread @decentralized_mdvi_matrix.py:382] Computing targets for agent 4/6...
[12-16 19:59:27 MainThread @decentralized_mdvi_matrix.py:382] Computing targets for agent 5/6...
[12-16 19:59:27 MainThread @decentralized_mdvi_matrix.py:382] Computing targets for agent 6/6...
[12-16 19:59:27 MainThread @decentralized_mdvi_matrix.py:392] Mean Nash solving time: 0.0000s
[12-16 19:59:27 MainThread @decentralized_mdvi_matrix.py:396] Nash cache: 100.0% hit rate (779865 hits, 141 misses, 141 cached)
[12-16 19:59:27 MainThread @decentralized_mdvi_matrix.py:401] Solving (4) by DIGing decentralized optimization...
[12-16 19:59:29 MainThread @decentralized_mdvi_matrix.py:430] Iteration 26 completed: loss=0.0148, td_error=0.0616, consensus_error=0.000290
[12-16 19:59:29 MainThread @train_mdvi.py:321] 
=== Iteration 27/50 ===
[12-16 19:59:29 MainThread @train_mdvi.py:322] Planning: Generating 5000 trajectories from model MG
[12-16 19:59:52 MainThread @train_mdvi.py:393] Planning complete: Generated 5000 model samples
[12-16 19:59:52 MainThread @decentralized_mdvi_matrix.py:372] 
=== Fitted Q-Iteration 27/50 ===
[12-16 19:59:52 MainThread @decentralized_mdvi_matrix.py:382] Computing targets for agent 1/6...
[12-16 19:59:52 MainThread @decentralized_mdvi_matrix.py:382] Computing targets for agent 2/6...
[12-16 19:59:52 MainThread @decentralized_mdvi_matrix.py:382] Computing targets for agent 3/6...
[12-16 19:59:52 MainThread @decentralized_mdvi_matrix.py:382] Computing targets for agent 4/6...
[12-16 19:59:52 MainThread @decentralized_mdvi_matrix.py:382] Computing targets for agent 5/6...
[12-16 19:59:52 MainThread @decentralized_mdvi_matrix.py:382] Computing targets for agent 6/6...
[12-16 19:59:52 MainThread @decentralized_mdvi_matrix.py:392] Mean Nash solving time: 0.0000s
[12-16 19:59:52 MainThread @decentralized_mdvi_matrix.py:396] Nash cache: 100.0% hit rate (809859 hits, 147 misses, 147 cached)
[12-16 19:59:52 MainThread @decentralized_mdvi_matrix.py:401] Solving (4) by DIGing decentralized optimization...
[12-16 19:59:54 MainThread @decentralized_mdvi_matrix.py:430] Iteration 27 completed: loss=0.0006, td_error=0.0183, consensus_error=0.000520
[12-16 19:59:54 MainThread @train_mdvi.py:321] 
=== Iteration 28/50 ===
[12-16 19:59:54 MainThread @train_mdvi.py:322] Planning: Generating 5000 trajectories from model MG
[12-16 20:00:17 MainThread @train_mdvi.py:393] Planning complete: Generated 5000 model samples
[12-16 20:00:17 MainThread @decentralized_mdvi_matrix.py:372] 
=== Fitted Q-Iteration 28/50 ===
[12-16 20:00:17 MainThread @decentralized_mdvi_matrix.py:382] Computing targets for agent 1/6...
[12-16 20:00:17 MainThread @decentralized_mdvi_matrix.py:382] Computing targets for agent 2/6...
[12-16 20:00:17 MainThread @decentralized_mdvi_matrix.py:382] Computing targets for agent 3/6...
[12-16 20:00:17 MainThread @decentralized_mdvi_matrix.py:382] Computing targets for agent 4/6...
[12-16 20:00:17 MainThread @decentralized_mdvi_matrix.py:382] Computing targets for agent 5/6...
[12-16 20:00:17 MainThread @decentralized_mdvi_matrix.py:382] Computing targets for agent 6/6...
[12-16 20:00:17 MainThread @decentralized_mdvi_matrix.py:392] Mean Nash solving time: 0.0000s
[12-16 20:00:17 MainThread @decentralized_mdvi_matrix.py:396] Nash cache: 100.0% hit rate (839853 hits, 153 misses, 153 cached)
[12-16 20:00:17 MainThread @decentralized_mdvi_matrix.py:401] Solving (4) by DIGing decentralized optimization...
[12-16 20:00:19 MainThread @decentralized_mdvi_matrix.py:430] Iteration 28 completed: loss=0.0257, td_error=0.0593, consensus_error=0.000338
[12-16 20:00:19 MainThread @train_mdvi.py:321] 
=== Iteration 29/50 ===
[12-16 20:00:19 MainThread @train_mdvi.py:322] Planning: Generating 5000 trajectories from model MG
[12-16 20:00:42 MainThread @train_mdvi.py:393] Planning complete: Generated 5000 model samples
[12-16 20:00:42 MainThread @decentralized_mdvi_matrix.py:372] 
=== Fitted Q-Iteration 29/50 ===
[12-16 20:00:42 MainThread @decentralized_mdvi_matrix.py:382] Computing targets for agent 1/6...
[12-16 20:00:42 MainThread @decentralized_mdvi_matrix.py:382] Computing targets for agent 2/6...
[12-16 20:00:42 MainThread @decentralized_mdvi_matrix.py:382] Computing targets for agent 3/6...
[12-16 20:00:42 MainThread @decentralized_mdvi_matrix.py:382] Computing targets for agent 4/6...
[12-16 20:00:42 MainThread @decentralized_mdvi_matrix.py:382] Computing targets for agent 5/6...
[12-16 20:00:42 MainThread @decentralized_mdvi_matrix.py:382] Computing targets for agent 6/6...
[12-16 20:00:42 MainThread @decentralized_mdvi_matrix.py:392] Mean Nash solving time: 0.0000s
[12-16 20:00:42 MainThread @decentralized_mdvi_matrix.py:396] Nash cache: 100.0% hit rate (869847 hits, 159 misses, 159 cached)
[12-16 20:00:42 MainThread @decentralized_mdvi_matrix.py:401] Solving (4) by DIGing decentralized optimization...
[12-16 20:00:45 MainThread @decentralized_mdvi_matrix.py:430] Iteration 29 completed: loss=0.0654, td_error=0.1236, consensus_error=0.001128
[12-16 20:00:45 MainThread @train_mdvi.py:321] 
=== Iteration 30/50 ===
[12-16 20:00:45 MainThread @train_mdvi.py:322] Planning: Generating 5000 trajectories from model MG
[12-16 20:01:07 MainThread @train_mdvi.py:393] Planning complete: Generated 5000 model samples
[12-16 20:01:07 MainThread @decentralized_mdvi_matrix.py:372] 
=== Fitted Q-Iteration 30/50 ===
[12-16 20:01:07 MainThread @decentralized_mdvi_matrix.py:382] Computing targets for agent 1/6...
[12-16 20:01:07 MainThread @decentralized_mdvi_matrix.py:382] Computing targets for agent 2/6...
[12-16 20:01:07 MainThread @decentralized_mdvi_matrix.py:382] Computing targets for agent 3/6...
[12-16 20:01:07 MainThread @decentralized_mdvi_matrix.py:382] Computing targets for agent 4/6...
[12-16 20:01:07 MainThread @decentralized_mdvi_matrix.py:382] Computing targets for agent 5/6...
[12-16 20:01:07 MainThread @decentralized_mdvi_matrix.py:382] Computing targets for agent 6/6...
[12-16 20:01:07 MainThread @decentralized_mdvi_matrix.py:392] Mean Nash solving time: 0.0000s
[12-16 20:01:07 MainThread @decentralized_mdvi_matrix.py:396] Nash cache: 100.0% hit rate (899841 hits, 165 misses, 165 cached)
[12-16 20:01:07 MainThread @decentralized_mdvi_matrix.py:401] Solving (4) by DIGing decentralized optimization...
[12-16 20:01:09 MainThread @decentralized_mdvi_matrix.py:418] Learning rate decayed: 0.000678 -> 0.000644
[12-16 20:01:09 MainThread @decentralized_mdvi_matrix.py:430] Iteration 30 completed: loss=0.2022, td_error=0.3621, consensus_error=0.006563
[12-16 20:01:09 MainThread @train_mdvi.py:406] 
=== Evaluation at Iteration 30 ===
[12-16 20:01:09 MainThread @train_mdvi.py:407]   Nash distance: 0.358970
[12-16 20:01:09 MainThread @train_mdvi.py:408]   Learned Nash value: 0.2328 (True: -0.0000)
[12-16 20:01:09 MainThread @train_mdvi.py:410]   Value error: 0.232815

[12-16 20:01:09 MainThread @train_mdvi.py:321] 
=== Iteration 31/50 ===
[12-16 20:01:09 MainThread @train_mdvi.py:322] Planning: Generating 5000 trajectories from model MG
[12-16 20:01:32 MainThread @train_mdvi.py:393] Planning complete: Generated 5000 model samples
[12-16 20:01:32 MainThread @decentralized_mdvi_matrix.py:372] 
=== Fitted Q-Iteration 31/50 ===
[12-16 20:01:32 MainThread @decentralized_mdvi_matrix.py:382] Computing targets for agent 1/6...
[12-16 20:01:32 MainThread @decentralized_mdvi_matrix.py:382] Computing targets for agent 2/6...
[12-16 20:01:32 MainThread @decentralized_mdvi_matrix.py:382] Computing targets for agent 3/6...
[12-16 20:01:32 MainThread @decentralized_mdvi_matrix.py:382] Computing targets for agent 4/6...
[12-16 20:01:32 MainThread @decentralized_mdvi_matrix.py:382] Computing targets for agent 5/6...
[12-16 20:01:32 MainThread @decentralized_mdvi_matrix.py:382] Computing targets for agent 6/6...
[12-16 20:01:32 MainThread @decentralized_mdvi_matrix.py:392] Mean Nash solving time: 0.0000s
[12-16 20:01:32 MainThread @decentralized_mdvi_matrix.py:396] Nash cache: 100.0% hit rate (929838 hits, 171 misses, 171 cached)
[12-16 20:01:32 MainThread @decentralized_mdvi_matrix.py:401] Solving (4) by DIGing decentralized optimization...
[12-16 20:01:34 MainThread @decentralized_mdvi_matrix.py:430] Iteration 31 completed: loss=0.1410, td_error=0.2708, consensus_error=0.001934
[12-16 20:01:34 MainThread @train_mdvi.py:321] 
=== Iteration 32/50 ===
[12-16 20:01:34 MainThread @train_mdvi.py:322] Planning: Generating 5000 trajectories from model MG
[12-16 20:01:57 MainThread @train_mdvi.py:393] Planning complete: Generated 5000 model samples
[12-16 20:01:57 MainThread @decentralized_mdvi_matrix.py:372] 
=== Fitted Q-Iteration 32/50 ===
[12-16 20:01:57 MainThread @decentralized_mdvi_matrix.py:382] Computing targets for agent 1/6...
[12-16 20:01:57 MainThread @decentralized_mdvi_matrix.py:382] Computing targets for agent 2/6...
[12-16 20:01:57 MainThread @decentralized_mdvi_matrix.py:382] Computing targets for agent 3/6...
[12-16 20:01:57 MainThread @decentralized_mdvi_matrix.py:382] Computing targets for agent 4/6...
[12-16 20:01:57 MainThread @decentralized_mdvi_matrix.py:382] Computing targets for agent 5/6...
[12-16 20:01:57 MainThread @decentralized_mdvi_matrix.py:382] Computing targets for agent 6/6...
[12-16 20:01:57 MainThread @decentralized_mdvi_matrix.py:392] Mean Nash solving time: 0.0000s
[12-16 20:01:57 MainThread @decentralized_mdvi_matrix.py:396] Nash cache: 100.0% hit rate (959832 hits, 177 misses, 177 cached)
[12-16 20:01:57 MainThread @decentralized_mdvi_matrix.py:401] Solving (4) by DIGing decentralized optimization...
[12-16 20:01:59 MainThread @decentralized_mdvi_matrix.py:430] Iteration 32 completed: loss=0.1629, td_error=0.3033, consensus_error=0.003395
[12-16 20:01:59 MainThread @train_mdvi.py:321] 
=== Iteration 33/50 ===
[12-16 20:01:59 MainThread @train_mdvi.py:322] Planning: Generating 5000 trajectories from model MG
[12-16 20:02:22 MainThread @train_mdvi.py:393] Planning complete: Generated 5000 model samples
[12-16 20:02:22 MainThread @decentralized_mdvi_matrix.py:372] 
=== Fitted Q-Iteration 33/50 ===
[12-16 20:02:22 MainThread @decentralized_mdvi_matrix.py:382] Computing targets for agent 1/6...
[12-16 20:02:22 MainThread @decentralized_mdvi_matrix.py:382] Computing targets for agent 2/6...
[12-16 20:02:22 MainThread @decentralized_mdvi_matrix.py:382] Computing targets for agent 3/6...
[12-16 20:02:22 MainThread @decentralized_mdvi_matrix.py:382] Computing targets for agent 4/6...
[12-16 20:02:22 MainThread @decentralized_mdvi_matrix.py:382] Computing targets for agent 5/6...
[12-16 20:02:22 MainThread @decentralized_mdvi_matrix.py:382] Computing targets for agent 6/6...
[12-16 20:02:22 MainThread @decentralized_mdvi_matrix.py:392] Mean Nash solving time: 0.0000s
[12-16 20:02:22 MainThread @decentralized_mdvi_matrix.py:396] Nash cache: 100.0% hit rate (989826 hits, 183 misses, 183 cached)
[12-16 20:02:22 MainThread @decentralized_mdvi_matrix.py:401] Solving (4) by DIGing decentralized optimization...
[12-16 20:02:24 MainThread @decentralized_mdvi_matrix.py:430] Iteration 33 completed: loss=0.0587, td_error=0.1253, consensus_error=0.002528
[12-16 20:02:24 MainThread @train_mdvi.py:321] 
=== Iteration 34/50 ===
[12-16 20:02:24 MainThread @train_mdvi.py:322] Planning: Generating 5000 trajectories from model MG
[12-16 20:02:47 MainThread @train_mdvi.py:393] Planning complete: Generated 5000 model samples
[12-16 20:02:47 MainThread @decentralized_mdvi_matrix.py:372] 
=== Fitted Q-Iteration 34/50 ===
[12-16 20:02:47 MainThread @decentralized_mdvi_matrix.py:382] Computing targets for agent 1/6...
[12-16 20:02:47 MainThread @decentralized_mdvi_matrix.py:382] Computing targets for agent 2/6...
[12-16 20:02:47 MainThread @decentralized_mdvi_matrix.py:382] Computing targets for agent 3/6...
[12-16 20:02:47 MainThread @decentralized_mdvi_matrix.py:382] Computing targets for agent 4/6...
[12-16 20:02:47 MainThread @decentralized_mdvi_matrix.py:382] Computing targets for agent 5/6...
[12-16 20:02:47 MainThread @decentralized_mdvi_matrix.py:382] Computing targets for agent 6/6...
[12-16 20:02:47 MainThread @decentralized_mdvi_matrix.py:392] Mean Nash solving time: 0.0000s
[12-16 20:02:47 MainThread @decentralized_mdvi_matrix.py:396] Nash cache: 100.0% hit rate (1019820 hits, 189 misses, 189 cached)
[12-16 20:02:47 MainThread @decentralized_mdvi_matrix.py:401] Solving (4) by DIGing decentralized optimization...
[12-16 20:02:49 MainThread @decentralized_mdvi_matrix.py:430] Iteration 34 completed: loss=0.1167, td_error=0.2782, consensus_error=0.013545
[12-16 20:02:49 MainThread @train_mdvi.py:321] 
=== Iteration 35/50 ===
[12-16 20:02:49 MainThread @train_mdvi.py:322] Planning: Generating 5000 trajectories from model MG
[12-16 20:03:12 MainThread @train_mdvi.py:393] Planning complete: Generated 5000 model samples
[12-16 20:03:12 MainThread @decentralized_mdvi_matrix.py:372] 
=== Fitted Q-Iteration 35/50 ===
[12-16 20:03:12 MainThread @decentralized_mdvi_matrix.py:382] Computing targets for agent 1/6...
[12-16 20:03:12 MainThread @decentralized_mdvi_matrix.py:382] Computing targets for agent 2/6...
[12-16 20:03:12 MainThread @decentralized_mdvi_matrix.py:382] Computing targets for agent 3/6...
[12-16 20:03:12 MainThread @decentralized_mdvi_matrix.py:382] Computing targets for agent 4/6...
[12-16 20:03:12 MainThread @decentralized_mdvi_matrix.py:382] Computing targets for agent 5/6...
[12-16 20:03:12 MainThread @decentralized_mdvi_matrix.py:382] Computing targets for agent 6/6...
[12-16 20:03:12 MainThread @decentralized_mdvi_matrix.py:392] Mean Nash solving time: 0.0000s
[12-16 20:03:12 MainThread @decentralized_mdvi_matrix.py:396] Nash cache: 100.0% hit rate (1049814 hits, 195 misses, 195 cached)
[12-16 20:03:12 MainThread @decentralized_mdvi_matrix.py:401] Solving (4) by DIGing decentralized optimization...
[12-16 20:03:14 MainThread @decentralized_mdvi_matrix.py:430] Iteration 35 completed: loss=0.1465, td_error=0.3007, consensus_error=0.001723
[12-16 20:03:14 MainThread @train_mdvi.py:321] 
=== Iteration 36/50 ===
[12-16 20:03:14 MainThread @train_mdvi.py:322] Planning: Generating 5000 trajectories from model MG
[12-16 20:03:37 MainThread @train_mdvi.py:393] Planning complete: Generated 5000 model samples
[12-16 20:03:37 MainThread @decentralized_mdvi_matrix.py:372] 
=== Fitted Q-Iteration 36/50 ===
[12-16 20:03:37 MainThread @decentralized_mdvi_matrix.py:382] Computing targets for agent 1/6...
[12-16 20:03:37 MainThread @decentralized_mdvi_matrix.py:382] Computing targets for agent 2/6...
[12-16 20:03:37 MainThread @decentralized_mdvi_matrix.py:382] Computing targets for agent 3/6...
[12-16 20:03:37 MainThread @decentralized_mdvi_matrix.py:382] Computing targets for agent 4/6...
[12-16 20:03:37 MainThread @decentralized_mdvi_matrix.py:382] Computing targets for agent 5/6...
[12-16 20:03:37 MainThread @decentralized_mdvi_matrix.py:382] Computing targets for agent 6/6...
[12-16 20:03:37 MainThread @decentralized_mdvi_matrix.py:392] Mean Nash solving time: 0.0000s
[12-16 20:03:37 MainThread @decentralized_mdvi_matrix.py:396] Nash cache: 100.0% hit rate (1079808 hits, 201 misses, 201 cached)
[12-16 20:03:37 MainThread @decentralized_mdvi_matrix.py:401] Solving (4) by DIGing decentralized optimization...
[12-16 20:03:39 MainThread @decentralized_mdvi_matrix.py:430] Iteration 36 completed: loss=0.1457, td_error=0.3041, consensus_error=0.001575
[12-16 20:03:39 MainThread @train_mdvi.py:321] 
=== Iteration 37/50 ===
[12-16 20:03:39 MainThread @train_mdvi.py:322] Planning: Generating 5000 trajectories from model MG
[12-16 20:04:02 MainThread @train_mdvi.py:393] Planning complete: Generated 5000 model samples
[12-16 20:04:02 MainThread @decentralized_mdvi_matrix.py:372] 
=== Fitted Q-Iteration 37/50 ===
[12-16 20:04:02 MainThread @decentralized_mdvi_matrix.py:382] Computing targets for agent 1/6...
[12-16 20:04:02 MainThread @decentralized_mdvi_matrix.py:382] Computing targets for agent 2/6...
[12-16 20:04:02 MainThread @decentralized_mdvi_matrix.py:382] Computing targets for agent 3/6...
[12-16 20:04:02 MainThread @decentralized_mdvi_matrix.py:382] Computing targets for agent 4/6...
[12-16 20:04:02 MainThread @decentralized_mdvi_matrix.py:382] Computing targets for agent 5/6...
[12-16 20:04:02 MainThread @decentralized_mdvi_matrix.py:382] Computing targets for agent 6/6...
[12-16 20:04:02 MainThread @decentralized_mdvi_matrix.py:392] Mean Nash solving time: 0.0000s
[12-16 20:04:02 MainThread @decentralized_mdvi_matrix.py:396] Nash cache: 100.0% hit rate (1109802 hits, 207 misses, 207 cached)
[12-16 20:04:02 MainThread @decentralized_mdvi_matrix.py:401] Solving (4) by DIGing decentralized optimization...
[12-16 20:04:04 MainThread @decentralized_mdvi_matrix.py:430] Iteration 37 completed: loss=0.1416, td_error=0.2978, consensus_error=0.004356
[12-16 20:04:04 MainThread @train_mdvi.py:321] 
=== Iteration 38/50 ===
[12-16 20:04:04 MainThread @train_mdvi.py:322] Planning: Generating 5000 trajectories from model MG
[12-16 20:04:27 MainThread @train_mdvi.py:393] Planning complete: Generated 5000 model samples
[12-16 20:04:27 MainThread @decentralized_mdvi_matrix.py:372] 
=== Fitted Q-Iteration 38/50 ===
[12-16 20:04:27 MainThread @decentralized_mdvi_matrix.py:382] Computing targets for agent 1/6...
[12-16 20:04:27 MainThread @decentralized_mdvi_matrix.py:382] Computing targets for agent 2/6...
[12-16 20:04:27 MainThread @decentralized_mdvi_matrix.py:382] Computing targets for agent 3/6...
[12-16 20:04:27 MainThread @decentralized_mdvi_matrix.py:382] Computing targets for agent 4/6...
[12-16 20:04:27 MainThread @decentralized_mdvi_matrix.py:382] Computing targets for agent 5/6...
[12-16 20:04:27 MainThread @decentralized_mdvi_matrix.py:382] Computing targets for agent 6/6...
[12-16 20:04:27 MainThread @decentralized_mdvi_matrix.py:392] Mean Nash solving time: 0.0000s
[12-16 20:04:27 MainThread @decentralized_mdvi_matrix.py:396] Nash cache: 100.0% hit rate (1139796 hits, 213 misses, 213 cached)
[12-16 20:04:27 MainThread @decentralized_mdvi_matrix.py:401] Solving (4) by DIGing decentralized optimization...
[12-16 20:04:29 MainThread @decentralized_mdvi_matrix.py:430] Iteration 38 completed: loss=0.1388, td_error=0.2921, consensus_error=0.002048
[12-16 20:04:29 MainThread @train_mdvi.py:321] 
=== Iteration 39/50 ===
[12-16 20:04:29 MainThread @train_mdvi.py:322] Planning: Generating 5000 trajectories from model MG
[12-16 20:04:52 MainThread @train_mdvi.py:393] Planning complete: Generated 5000 model samples
[12-16 20:04:52 MainThread @decentralized_mdvi_matrix.py:372] 
=== Fitted Q-Iteration 39/50 ===
[12-16 20:04:52 MainThread @decentralized_mdvi_matrix.py:382] Computing targets for agent 1/6...
[12-16 20:04:52 MainThread @decentralized_mdvi_matrix.py:382] Computing targets for agent 2/6...
[12-16 20:04:52 MainThread @decentralized_mdvi_matrix.py:382] Computing targets for agent 3/6...
[12-16 20:04:52 MainThread @decentralized_mdvi_matrix.py:382] Computing targets for agent 4/6...
[12-16 20:04:52 MainThread @decentralized_mdvi_matrix.py:382] Computing targets for agent 5/6...
[12-16 20:04:52 MainThread @decentralized_mdvi_matrix.py:382] Computing targets for agent 6/6...
[12-16 20:04:52 MainThread @decentralized_mdvi_matrix.py:392] Mean Nash solving time: 0.0000s
[12-16 20:04:52 MainThread @decentralized_mdvi_matrix.py:396] Nash cache: 100.0% hit rate (1169790 hits, 219 misses, 219 cached)
[12-16 20:04:52 MainThread @decentralized_mdvi_matrix.py:401] Solving (4) by DIGing decentralized optimization...
[12-16 20:04:54 MainThread @decentralized_mdvi_matrix.py:430] Iteration 39 completed: loss=0.1368, td_error=0.2878, consensus_error=0.003393
[12-16 20:04:54 MainThread @train_mdvi.py:321] 
=== Iteration 40/50 ===
[12-16 20:04:54 MainThread @train_mdvi.py:322] Planning: Generating 5000 trajectories from model MG
[12-16 20:05:17 MainThread @train_mdvi.py:393] Planning complete: Generated 5000 model samples
[12-16 20:05:17 MainThread @decentralized_mdvi_matrix.py:372] 
=== Fitted Q-Iteration 40/50 ===
[12-16 20:05:17 MainThread @decentralized_mdvi_matrix.py:382] Computing targets for agent 1/6...
[12-16 20:05:17 MainThread @decentralized_mdvi_matrix.py:382] Computing targets for agent 2/6...
[12-16 20:05:17 MainThread @decentralized_mdvi_matrix.py:382] Computing targets for agent 3/6...
[12-16 20:05:17 MainThread @decentralized_mdvi_matrix.py:382] Computing targets for agent 4/6...
[12-16 20:05:17 MainThread @decentralized_mdvi_matrix.py:382] Computing targets for agent 5/6...
[12-16 20:05:17 MainThread @decentralized_mdvi_matrix.py:382] Computing targets for agent 6/6...
[12-16 20:05:17 MainThread @decentralized_mdvi_matrix.py:392] Mean Nash solving time: 0.0000s
[12-16 20:05:17 MainThread @decentralized_mdvi_matrix.py:396] Nash cache: 100.0% hit rate (1199784 hits, 225 misses, 225 cached)
[12-16 20:05:17 MainThread @decentralized_mdvi_matrix.py:401] Solving (4) by DIGing decentralized optimization...
[12-16 20:05:19 MainThread @decentralized_mdvi_matrix.py:418] Learning rate decayed: 0.000406 -> 0.000386
[12-16 20:05:19 MainThread @decentralized_mdvi_matrix.py:430] Iteration 40 completed: loss=0.1372, td_error=0.2885, consensus_error=0.001812
[12-16 20:05:19 MainThread @train_mdvi.py:406] 
=== Evaluation at Iteration 40 ===
[12-16 20:05:19 MainThread @train_mdvi.py:407]   Nash distance: 0.001224
[12-16 20:05:19 MainThread @train_mdvi.py:408]   Learned Nash value: -0.0030 (True: -0.0000)
[12-16 20:05:19 MainThread @train_mdvi.py:410]   Value error: 0.003048

[12-16 20:05:19 MainThread @decentralized_mdvi_matrix.py:678] Models saved to ./mdvi_models/train_20251216_194843
[12-16 20:05:19 MainThread @train_mdvi.py:321] 
=== Iteration 41/50 ===
[12-16 20:05:19 MainThread @train_mdvi.py:322] Planning: Generating 5000 trajectories from model MG
[12-16 20:05:42 MainThread @train_mdvi.py:393] Planning complete: Generated 5000 model samples
[12-16 20:05:42 MainThread @decentralized_mdvi_matrix.py:372] 
=== Fitted Q-Iteration 41/50 ===
[12-16 20:05:42 MainThread @decentralized_mdvi_matrix.py:382] Computing targets for agent 1/6...
[12-16 20:05:42 MainThread @decentralized_mdvi_matrix.py:382] Computing targets for agent 2/6...
[12-16 20:05:42 MainThread @decentralized_mdvi_matrix.py:382] Computing targets for agent 3/6...
[12-16 20:05:42 MainThread @decentralized_mdvi_matrix.py:382] Computing targets for agent 4/6...
[12-16 20:05:42 MainThread @decentralized_mdvi_matrix.py:382] Computing targets for agent 5/6...
[12-16 20:05:42 MainThread @decentralized_mdvi_matrix.py:382] Computing targets for agent 6/6...
[12-16 20:05:42 MainThread @decentralized_mdvi_matrix.py:392] Mean Nash solving time: 0.0000s
[12-16 20:05:42 MainThread @decentralized_mdvi_matrix.py:396] Nash cache: 100.0% hit rate (1229781 hits, 231 misses, 231 cached)
[12-16 20:05:42 MainThread @decentralized_mdvi_matrix.py:401] Solving (4) by DIGing decentralized optimization...
[12-16 20:05:44 MainThread @decentralized_mdvi_matrix.py:430] Iteration 41 completed: loss=0.1350, td_error=0.2824, consensus_error=0.002815
[12-16 20:05:44 MainThread @train_mdvi.py:321] 
=== Iteration 42/50 ===
[12-16 20:05:44 MainThread @train_mdvi.py:322] Planning: Generating 5000 trajectories from model MG
[12-16 20:06:07 MainThread @train_mdvi.py:393] Planning complete: Generated 5000 model samples
[12-16 20:06:07 MainThread @decentralized_mdvi_matrix.py:372] 
=== Fitted Q-Iteration 42/50 ===
[12-16 20:06:07 MainThread @decentralized_mdvi_matrix.py:382] Computing targets for agent 1/6...
[12-16 20:06:07 MainThread @decentralized_mdvi_matrix.py:382] Computing targets for agent 2/6...
[12-16 20:06:07 MainThread @decentralized_mdvi_matrix.py:382] Computing targets for agent 3/6...
[12-16 20:06:07 MainThread @decentralized_mdvi_matrix.py:382] Computing targets for agent 4/6...
[12-16 20:06:07 MainThread @decentralized_mdvi_matrix.py:382] Computing targets for agent 5/6...
[12-16 20:06:07 MainThread @decentralized_mdvi_matrix.py:382] Computing targets for agent 6/6...
[12-16 20:06:07 MainThread @decentralized_mdvi_matrix.py:392] Mean Nash solving time: 0.0000s
[12-16 20:06:07 MainThread @decentralized_mdvi_matrix.py:396] Nash cache: 100.0% hit rate (1259775 hits, 237 misses, 237 cached)
[12-16 20:06:07 MainThread @decentralized_mdvi_matrix.py:401] Solving (4) by DIGing decentralized optimization...
[12-16 20:06:09 MainThread @decentralized_mdvi_matrix.py:430] Iteration 42 completed: loss=0.1365, td_error=0.2833, consensus_error=0.002053
[12-16 20:06:09 MainThread @train_mdvi.py:321] 
=== Iteration 43/50 ===
[12-16 20:06:09 MainThread @train_mdvi.py:322] Planning: Generating 5000 trajectories from model MG
[12-16 20:06:32 MainThread @train_mdvi.py:393] Planning complete: Generated 5000 model samples
[12-16 20:06:32 MainThread @decentralized_mdvi_matrix.py:372] 
=== Fitted Q-Iteration 43/50 ===
[12-16 20:06:32 MainThread @decentralized_mdvi_matrix.py:382] Computing targets for agent 1/6...
[12-16 20:06:32 MainThread @decentralized_mdvi_matrix.py:382] Computing targets for agent 2/6...
[12-16 20:06:32 MainThread @decentralized_mdvi_matrix.py:382] Computing targets for agent 3/6...
[12-16 20:06:32 MainThread @decentralized_mdvi_matrix.py:382] Computing targets for agent 4/6...
[12-16 20:06:32 MainThread @decentralized_mdvi_matrix.py:382] Computing targets for agent 5/6...
[12-16 20:06:32 MainThread @decentralized_mdvi_matrix.py:382] Computing targets for agent 6/6...
[12-16 20:06:32 MainThread @decentralized_mdvi_matrix.py:392] Mean Nash solving time: 0.0000s
[12-16 20:06:32 MainThread @decentralized_mdvi_matrix.py:396] Nash cache: 100.0% hit rate (1289769 hits, 243 misses, 243 cached)
[12-16 20:06:32 MainThread @decentralized_mdvi_matrix.py:401] Solving (4) by DIGing decentralized optimization...
[12-16 20:06:34 MainThread @decentralized_mdvi_matrix.py:430] Iteration 43 completed: loss=0.1348, td_error=0.2800, consensus_error=0.001750
[12-16 20:06:34 MainThread @train_mdvi.py:321] 
=== Iteration 44/50 ===
[12-16 20:06:34 MainThread @train_mdvi.py:322] Planning: Generating 5000 trajectories from model MG
[12-16 20:06:57 MainThread @train_mdvi.py:393] Planning complete: Generated 5000 model samples
[12-16 20:06:57 MainThread @decentralized_mdvi_matrix.py:372] 
=== Fitted Q-Iteration 44/50 ===
[12-16 20:06:57 MainThread @decentralized_mdvi_matrix.py:382] Computing targets for agent 1/6...
[12-16 20:06:57 MainThread @decentralized_mdvi_matrix.py:382] Computing targets for agent 2/6...
[12-16 20:06:57 MainThread @decentralized_mdvi_matrix.py:382] Computing targets for agent 3/6...
[12-16 20:06:57 MainThread @decentralized_mdvi_matrix.py:382] Computing targets for agent 4/6...
[12-16 20:06:57 MainThread @decentralized_mdvi_matrix.py:382] Computing targets for agent 5/6...
[12-16 20:06:57 MainThread @decentralized_mdvi_matrix.py:382] Computing targets for agent 6/6...
[12-16 20:06:57 MainThread @decentralized_mdvi_matrix.py:392] Mean Nash solving time: 0.0000s
[12-16 20:06:57 MainThread @decentralized_mdvi_matrix.py:396] Nash cache: 100.0% hit rate (1319763 hits, 249 misses, 249 cached)
[12-16 20:06:57 MainThread @decentralized_mdvi_matrix.py:401] Solving (4) by DIGing decentralized optimization...
[12-16 20:06:59 MainThread @decentralized_mdvi_matrix.py:430] Iteration 44 completed: loss=0.1341, td_error=0.2777, consensus_error=0.002600
[12-16 20:06:59 MainThread @train_mdvi.py:321] 
=== Iteration 45/50 ===
[12-16 20:06:59 MainThread @train_mdvi.py:322] Planning: Generating 5000 trajectories from model MG
[12-16 20:07:21 MainThread @train_mdvi.py:393] Planning complete: Generated 5000 model samples
[12-16 20:07:21 MainThread @decentralized_mdvi_matrix.py:372] 
=== Fitted Q-Iteration 45/50 ===
[12-16 20:07:21 MainThread @decentralized_mdvi_matrix.py:382] Computing targets for agent 1/6...
[12-16 20:07:21 MainThread @decentralized_mdvi_matrix.py:382] Computing targets for agent 2/6...
[12-16 20:07:21 MainThread @decentralized_mdvi_matrix.py:382] Computing targets for agent 3/6...
[12-16 20:07:21 MainThread @decentralized_mdvi_matrix.py:382] Computing targets for agent 4/6...
[12-16 20:07:21 MainThread @decentralized_mdvi_matrix.py:382] Computing targets for agent 5/6...
[12-16 20:07:21 MainThread @decentralized_mdvi_matrix.py:382] Computing targets for agent 6/6...
[12-16 20:07:21 MainThread @decentralized_mdvi_matrix.py:392] Mean Nash solving time: 0.0000s
[12-16 20:07:21 MainThread @decentralized_mdvi_matrix.py:396] Nash cache: 100.0% hit rate (1349757 hits, 255 misses, 255 cached)
[12-16 20:07:21 MainThread @decentralized_mdvi_matrix.py:401] Solving (4) by DIGing decentralized optimization...
[12-16 20:07:24 MainThread @decentralized_mdvi_matrix.py:430] Iteration 45 completed: loss=0.1335, td_error=0.2758, consensus_error=0.001243
[12-16 20:07:24 MainThread @train_mdvi.py:321] 
=== Iteration 46/50 ===
[12-16 20:07:24 MainThread @train_mdvi.py:322] Planning: Generating 5000 trajectories from model MG
[12-16 20:07:46 MainThread @train_mdvi.py:393] Planning complete: Generated 5000 model samples
[12-16 20:07:46 MainThread @decentralized_mdvi_matrix.py:372] 
=== Fitted Q-Iteration 46/50 ===
[12-16 20:07:46 MainThread @decentralized_mdvi_matrix.py:382] Computing targets for agent 1/6...
[12-16 20:07:46 MainThread @decentralized_mdvi_matrix.py:382] Computing targets for agent 2/6...
[12-16 20:07:46 MainThread @decentralized_mdvi_matrix.py:382] Computing targets for agent 3/6...
[12-16 20:07:46 MainThread @decentralized_mdvi_matrix.py:382] Computing targets for agent 4/6...
[12-16 20:07:46 MainThread @decentralized_mdvi_matrix.py:382] Computing targets for agent 5/6...
[12-16 20:07:46 MainThread @decentralized_mdvi_matrix.py:382] Computing targets for agent 6/6...
[12-16 20:07:46 MainThread @decentralized_mdvi_matrix.py:392] Mean Nash solving time: 0.0000s
[12-16 20:07:46 MainThread @decentralized_mdvi_matrix.py:396] Nash cache: 100.0% hit rate (1379751 hits, 261 misses, 261 cached)
[12-16 20:07:46 MainThread @decentralized_mdvi_matrix.py:401] Solving (4) by DIGing decentralized optimization...
[12-16 20:07:48 MainThread @decentralized_mdvi_matrix.py:430] Iteration 46 completed: loss=0.1347, td_error=0.2774, consensus_error=0.001950
[12-16 20:07:48 MainThread @train_mdvi.py:321] 
=== Iteration 47/50 ===
[12-16 20:07:48 MainThread @train_mdvi.py:322] Planning: Generating 5000 trajectories from model MG
[12-16 20:08:11 MainThread @train_mdvi.py:393] Planning complete: Generated 5000 model samples
[12-16 20:08:11 MainThread @decentralized_mdvi_matrix.py:372] 
=== Fitted Q-Iteration 47/50 ===
[12-16 20:08:11 MainThread @decentralized_mdvi_matrix.py:382] Computing targets for agent 1/6...
[12-16 20:08:11 MainThread @decentralized_mdvi_matrix.py:382] Computing targets for agent 2/6...
[12-16 20:08:11 MainThread @decentralized_mdvi_matrix.py:382] Computing targets for agent 3/6...
[12-16 20:08:11 MainThread @decentralized_mdvi_matrix.py:382] Computing targets for agent 4/6...
[12-16 20:08:11 MainThread @decentralized_mdvi_matrix.py:382] Computing targets for agent 5/6...
[12-16 20:08:11 MainThread @decentralized_mdvi_matrix.py:382] Computing targets for agent 6/6...
[12-16 20:08:11 MainThread @decentralized_mdvi_matrix.py:392] Mean Nash solving time: 0.0000s
[12-16 20:08:11 MainThread @decentralized_mdvi_matrix.py:396] Nash cache: 100.0% hit rate (1409745 hits, 267 misses, 267 cached)
[12-16 20:08:11 MainThread @decentralized_mdvi_matrix.py:401] Solving (4) by DIGing decentralized optimization...
[12-16 20:08:13 MainThread @decentralized_mdvi_matrix.py:430] Iteration 47 completed: loss=0.1338, td_error=0.2761, consensus_error=0.001614
[12-16 20:08:13 MainThread @train_mdvi.py:321] 
=== Iteration 48/50 ===
[12-16 20:08:13 MainThread @train_mdvi.py:322] Planning: Generating 5000 trajectories from model MG
[12-16 20:08:36 MainThread @train_mdvi.py:393] Planning complete: Generated 5000 model samples
[12-16 20:08:36 MainThread @decentralized_mdvi_matrix.py:372] 
=== Fitted Q-Iteration 48/50 ===
[12-16 20:08:36 MainThread @decentralized_mdvi_matrix.py:382] Computing targets for agent 1/6...
[12-16 20:08:36 MainThread @decentralized_mdvi_matrix.py:382] Computing targets for agent 2/6...
[12-16 20:08:36 MainThread @decentralized_mdvi_matrix.py:382] Computing targets for agent 3/6...
[12-16 20:08:36 MainThread @decentralized_mdvi_matrix.py:382] Computing targets for agent 4/6...
[12-16 20:08:36 MainThread @decentralized_mdvi_matrix.py:382] Computing targets for agent 5/6...
[12-16 20:08:36 MainThread @decentralized_mdvi_matrix.py:382] Computing targets for agent 6/6...
[12-16 20:08:36 MainThread @decentralized_mdvi_matrix.py:392] Mean Nash solving time: 0.0000s
[12-16 20:08:36 MainThread @decentralized_mdvi_matrix.py:396] Nash cache: 100.0% hit rate (1439739 hits, 273 misses, 273 cached)
[12-16 20:08:36 MainThread @decentralized_mdvi_matrix.py:401] Solving (4) by DIGing decentralized optimization...
[12-16 20:08:38 MainThread @decentralized_mdvi_matrix.py:430] Iteration 48 completed: loss=0.1347, td_error=0.2765, consensus_error=0.001421
[12-16 20:08:38 MainThread @train_mdvi.py:321] 
=== Iteration 49/50 ===
[12-16 20:08:38 MainThread @train_mdvi.py:322] Planning: Generating 5000 trajectories from model MG
[12-16 20:09:02 MainThread @train_mdvi.py:393] Planning complete: Generated 5000 model samples
[12-16 20:09:02 MainThread @decentralized_mdvi_matrix.py:372] 
=== Fitted Q-Iteration 49/50 ===
[12-16 20:09:02 MainThread @decentralized_mdvi_matrix.py:382] Computing targets for agent 1/6...
[12-16 20:09:02 MainThread @decentralized_mdvi_matrix.py:382] Computing targets for agent 2/6...
[12-16 20:09:02 MainThread @decentralized_mdvi_matrix.py:382] Computing targets for agent 3/6...
[12-16 20:09:02 MainThread @decentralized_mdvi_matrix.py:382] Computing targets for agent 4/6...
[12-16 20:09:02 MainThread @decentralized_mdvi_matrix.py:382] Computing targets for agent 5/6...
[12-16 20:09:02 MainThread @decentralized_mdvi_matrix.py:382] Computing targets for agent 6/6...
[12-16 20:09:02 MainThread @decentralized_mdvi_matrix.py:392] Mean Nash solving time: 0.0000s
[12-16 20:09:02 MainThread @decentralized_mdvi_matrix.py:396] Nash cache: 100.0% hit rate (1469733 hits, 279 misses, 279 cached)
[12-16 20:09:02 MainThread @decentralized_mdvi_matrix.py:401] Solving (4) by DIGing decentralized optimization...
[12-16 20:09:04 MainThread @decentralized_mdvi_matrix.py:430] Iteration 49 completed: loss=0.1349, td_error=0.2769, consensus_error=0.001366
[12-16 20:09:04 MainThread @train_mdvi.py:321] 
=== Iteration 50/50 ===
[12-16 20:09:04 MainThread @train_mdvi.py:322] Planning: Generating 5000 trajectories from model MG
[12-16 20:09:27 MainThread @train_mdvi.py:393] Planning complete: Generated 5000 model samples
[12-16 20:09:27 MainThread @decentralized_mdvi_matrix.py:372] 
=== Fitted Q-Iteration 50/50 ===
[12-16 20:09:27 MainThread @decentralized_mdvi_matrix.py:382] Computing targets for agent 1/6...
[12-16 20:09:27 MainThread @decentralized_mdvi_matrix.py:382] Computing targets for agent 2/6...
[12-16 20:09:27 MainThread @decentralized_mdvi_matrix.py:382] Computing targets for agent 3/6...
[12-16 20:09:27 MainThread @decentralized_mdvi_matrix.py:382] Computing targets for agent 4/6...
[12-16 20:09:27 MainThread @decentralized_mdvi_matrix.py:382] Computing targets for agent 5/6...
[12-16 20:09:27 MainThread @decentralized_mdvi_matrix.py:382] Computing targets for agent 6/6...
[12-16 20:09:27 MainThread @decentralized_mdvi_matrix.py:392] Mean Nash solving time: 0.0000s
[12-16 20:09:27 MainThread @decentralized_mdvi_matrix.py:396] Nash cache: 100.0% hit rate (1499727 hits, 285 misses, 285 cached)
[12-16 20:09:27 MainThread @decentralized_mdvi_matrix.py:401] Solving (4) by DIGing decentralized optimization...
[12-16 20:09:29 MainThread @decentralized_mdvi_matrix.py:418] Learning rate decayed: 0.000243 -> 0.000231
[12-16 20:09:29 MainThread @decentralized_mdvi_matrix.py:430] Iteration 50 completed: loss=0.1328, td_error=0.2732, consensus_error=0.001479
[12-16 20:09:29 MainThread @train_mdvi.py:406] 
=== Evaluation at Iteration 50 ===
[12-16 20:09:29 MainThread @train_mdvi.py:407]   Nash distance: 0.010277
[12-16 20:09:29 MainThread @train_mdvi.py:408]   Learned Nash value: 0.0019 (True: -0.0000)
[12-16 20:09:29 MainThread @train_mdvi.py:410]   Value error: 0.001878

[12-16 20:09:29 MainThread @decentralized_mdvi_matrix.py:678] Models saved to ./mdvi_models/train_20251216_194843
[12-16 20:09:29 MainThread @train_mdvi.py:420] 
============================================================
[12-16 20:09:29 MainThread @train_mdvi.py:421] Final Evaluation
[12-16 20:09:29 MainThread @train_mdvi.py:422] ============================================================
[12-16 20:09:29 MainThread @train_mdvi.py:426] True Nash equilibrium:
[12-16 20:09:29 MainThread @train_mdvi.py:427]   Team 1: [0.33333333 0.33333333 0.33333333]
[12-16 20:09:29 MainThread @train_mdvi.py:428]   Team 2: [0.33333333 0.33333333 0.33333333]
[12-16 20:09:29 MainThread @train_mdvi.py:429]   Value: -0.0000
[12-16 20:09:29 MainThread @train_mdvi.py:430] 
Final Nash distance: 0.010277
[12-16 20:09:29 MainThread @train_mdvi.py:431] Final value error: 0.001878
[12-16 20:09:29 MainThread @train_mdvi.py:227] ✓ Convergence curves saved: ./mdvi_models/train_20251216_194843/convergence_curves.png
[12-16 20:09:29 MainThread @train_mdvi.py:436] 
✓ Training completed!
[12-16 20:09:29 MainThread @train_mdvi.py:437] ✓ Models saved to: ./mdvi_models/train_20251216_194843
